self-queries/paraphrase: derived 219 query pairs from causal_edges (1 skipped)
  q edge1 3.860166ms mode=spread
  q edge2 3.385458ms mode=spread
  q edge3 1.987458ms mode=spread
  q edge4 4.199666ms mode=spread
  q edge5 3.187625ms mode=spread
  q edge6 3.035209ms mode=spread
  q edge7 2.546125ms mode=spread
  q edge8 2.400584ms mode=spread
  q edge9 2.928958ms mode=spread
  q edge10 3.370541ms mode=spread
  q edge11 2.870083ms mode=spread
  q edge12 2.992458ms mode=spread
  q edge16 4.332333ms mode=spread
  q edge17 3.023958ms mode=spread
  q edge19 4.896542ms mode=spread
  q edge20 3.190042ms mode=spread
  q edge21 3.45675ms mode=spread
  q edge22 3.409333ms mode=spread
  q edge23 3.615084ms mode=spread
  q edge24 3.069292ms mode=spread
  q edge25 3.00025ms mode=spread
  q edge26 3.047125ms mode=spread
  q edge27 2.696709ms mode=spread
  q edge28 3.014084ms mode=spread
  q edge29 2.97975ms mode=spread
  q edge30 2.79ms mode=spread
  q edge31 2.257333ms mode=spread
  q edge32 2.78575ms mode=spread
  q edge33 3.037666ms mode=spread
  q edge34 2.69975ms mode=spread
  q edge35 2.901375ms mode=spread
  q edge36 3.529792ms mode=spread
  q edge37 3.493791ms mode=spread
  q edge38 3.46725ms mode=spread
  q edge39 3.522625ms mode=spread
  q edge40 3.021916ms mode=spread
  q edge41 3.070166ms mode=spread
  q edge42 2.679833ms mode=spread
  q edge43 2.580792ms mode=spread
  q edge44 3.107125ms mode=spread
  q edge45 3.122458ms mode=spread
  q edge46 2.988667ms mode=spread
  q edge47 3.071875ms mode=spread
  q edge48 3.672042ms mode=spread
  q edge49 2.819833ms mode=spread
  q edge50 3.651083ms mode=spread
  q edge51 3.823542ms mode=spread
  q edge52 3.6135ms mode=spread
  q edge53 3.265417ms mode=spread
  q edge54 3.370417ms mode=spread
  q edge55 4.092833ms mode=spread
  q edge56 4.045834ms mode=spread
  q edge57 3.548542ms mode=spread
  q edge58 3.429125ms mode=spread
  q edge59 2.969209ms mode=spread
  q edge60 2.946167ms mode=spread
  q edge61 2.845375ms mode=spread
  q edge62 3.371792ms mode=spread
  q edge63 3.722833ms mode=spread
  q edge64 3.441667ms mode=spread
  q edge65 2.784542ms mode=spread
  q edge67 3.180542ms mode=spread
  q edge68 3.648584ms mode=spread
  q edge69 3.341292ms mode=spread
  q edge70 3.690417ms mode=spread
  q edge71 3.921167ms mode=spread
  q edge72 3.296875ms mode=spread
  q edge73 3.785ms mode=spread
  q edge74 3.634084ms mode=spread
  q edge75 3.224667ms mode=spread
  q edge76 3.513583ms mode=spread
  q edge77 4.024292ms mode=spread
  q edge78 2.955ms mode=spread
  q edge79 2.833084ms mode=spread
  q edge80 4.148417ms mode=spread
  q edge81 3.728334ms mode=spread
  q edge82 4.119042ms mode=spread
  q edge83 2.493666ms mode=spread
  q edge84 2.828083ms mode=spread
  q edge85 3.175625ms mode=spread
  q edge86 3.139667ms mode=spread
  q edge87 2.782916ms mode=spread
  q edge88 3.681791ms mode=spread
  q edge89 3.310542ms mode=spread
  q edge90 2.554875ms mode=spread
  q edge91 2.524625ms mode=spread
  q edge92 2.306542ms mode=spread
  q edge93 2.214083ms mode=spread
  q edge94 3.427291ms mode=spread
  q edge95 2.514ms mode=spread
  q edge96 2.914667ms mode=spread
  q edge97 2.847583ms mode=spread
  q edge98 3.133958ms mode=spread
  q edge99 3.473875ms mode=spread
  q edge100 4.048ms mode=spread
  q edge101 3.295958ms mode=spread
  q edge102 3.900167ms mode=spread
  q edge103 4.619542ms mode=spread
  q edge104 2.920792ms mode=spread
  q edge105 3.445166ms mode=spread
  q edge106 3.483459ms mode=spread
  q edge109 2.905ms mode=spread
  q edge110 2.887125ms mode=spread
  q edge111 2.783625ms mode=spread
  q edge112 2.676542ms mode=spread
  q edge113 2.630208ms mode=spread
  q edge114 1.96025ms mode=spread
  q edge115 2.851959ms mode=spread
  q edge116 3.118459ms mode=spread
  q edge117 3.221458ms mode=spread
  q edge118 3.058375ms mode=spread
  q edge119 2.271542ms mode=spread
  q edge120 2.689ms mode=spread
  q edge121 2.808334ms mode=spread
  q edge122 3.176375ms mode=spread
  q edge123 2.764458ms mode=spread
  q edge124 2.778208ms mode=spread
  q edge125 2.714625ms mode=spread
  q edge126 2.284125ms mode=spread
  q edge127 2.389791ms mode=spread
  q edge128 3.096917ms mode=spread
  q edge129 2.676625ms mode=spread
  q edge130 2.769917ms mode=spread
  q edge131 3.466875ms mode=spread
  q edge132 2.642291ms mode=spread
  q edge133 2.437167ms mode=spread
  q edge134 2.73825ms mode=spread
  q edge135 2.581583ms mode=spread
  q edge136 2.97925ms mode=spread
  q edge137 3.164041ms mode=spread
  q edge138 2.916916ms mode=spread
  q edge139 3.071541ms mode=spread
  q edge140 3.021667ms mode=spread
  q edge141 3.230458ms mode=spread
  q edge142 3.288167ms mode=spread
  q edge143 3.093709ms mode=spread
  q edge144 2.832667ms mode=spread
  q edge145 2.730208ms mode=spread
  q edge146 3.333708ms mode=spread
  q edge147 3.07425ms mode=spread
  q edge148 2.593917ms mode=spread
  q edge149 3.079542ms mode=spread
  q edge150 2.979417ms mode=spread
  q edge151 2.784166ms mode=spread
  q edge152 2.954625ms mode=spread
  q edge153 2.581166ms mode=spread
  q edge154 2.556958ms mode=spread
  q edge155 2.965375ms mode=spread
  q edge156 2.23125ms mode=spread
  q edge157 2.809708ms mode=spread
  q edge158 2.794292ms mode=spread
  q edge159 3.009666ms mode=spread
  q edge160 2.524542ms mode=spread
  q edge161 2.106667ms mode=spread
  q edge162 2.945834ms mode=spread
  q edge163 2.833542ms mode=spread
  q edge164 2.844916ms mode=spread
  q edge165 2.132458ms mode=spread
  q edge166 2.146584ms mode=spread
  q edge167 2.698416ms mode=spread
  q edge168 2.477209ms mode=spread
  q edge169 2.277958ms mode=spread
  q edge170 2.893708ms mode=spread
  q edge171 2.474917ms mode=spread
  q edge172 2.306458ms mode=spread
  q edge173 2.099709ms mode=spread
  q edge174 2.1905ms mode=spread
  q edge175 2.801625ms mode=spread
  q edge176 2.926ms mode=spread
  q edge177 3.097417ms mode=spread
  q edge178 2.123ms mode=spread
  q edge179 2.592167ms mode=spread
  q edge180 2.35675ms mode=spread
  q edge181 3.086042ms mode=spread
  q edge182 2.84375ms mode=spread
  q edge183 2.74825ms mode=spread
  q edge184 2.302833ms mode=spread
  q edge185 2.903333ms mode=spread
  q edge186 2.357625ms mode=spread
  q edge187 2.319875ms mode=spread
  q edge188 2.239916ms mode=spread
  q edge189 2.029459ms mode=spread
  q edge190 2.562291ms mode=spread
  q edge191 2.952667ms mode=spread
  q edge192 2.312ms mode=spread
  q edge193 2.435875ms mode=spread
  q edge194 2.84425ms mode=spread
  q edge195 3.482084ms mode=spread
  q edge196 2.521917ms mode=spread
  q edge197 2.431417ms mode=spread
  q edge198 2.291458ms mode=spread
  q edge199 2.731875ms mode=spread
  q edge200 2.28225ms mode=spread
  q edge201 2.375875ms mode=spread
  q edge202 2.072708ms mode=spread
  q edge203 2.395125ms mode=spread
  q edge204 2.728083ms mode=spread
  q edge205 2.3785ms mode=spread
  q edge206 2.095792ms mode=spread
  q edge207 2.456958ms mode=spread
  q edge208 2.622375ms mode=spread
  q edge209 2.234834ms mode=spread
  q edge210 2.831834ms mode=spread
  q edge211 2.846167ms mode=spread
  q edge212 2.801584ms mode=spread
  q edge213 2.374875ms mode=spread
  q edge214 2.60575ms mode=spread
  q edge215 2.63725ms mode=spread
  q edge216 2.644625ms mode=spread
  q edge217 2.731458ms mode=spread
  q edge218 2.866708ms mode=spread
  q edge219 2.878458ms mode=spread
  q edge220 2.658042ms mode=spread
  q edge221 2.652ms mode=spread
  q edge222 2.230583ms mode=spread
  q edge223 2.962792ms mode=spread
  q edge225 2.121875ms mode=spread
  q edge226 2.779542ms mode=spread
  q edge227 2.793ms mode=spread
no-spread: spreading activation disabled (seed-hits-only)
  q edge1 2.654917ms mode=spread
  q edge2 2.191292ms mode=spread
  q edge3 1.632292ms mode=spread
  q edge4 2.779959ms mode=spread
  q edge5 2.571125ms mode=spread
  q edge6 2.000417ms mode=spread
  q edge7 2.090416ms mode=spread
  q edge8 1.9455ms mode=spread
  q edge9 2.7205ms mode=spread
  q edge10 2.04475ms mode=spread
  q edge11 1.864917ms mode=spread
  q edge12 2.292625ms mode=spread
  q edge16 2.784959ms mode=spread
  q edge17 2.650958ms mode=spread
  q edge19 3.224667ms mode=spread
  q edge20 2.668791ms mode=spread
  q edge21 2.739541ms mode=spread
  q edge22 2.8445ms mode=spread
  q edge23 2.68675ms mode=spread
  q edge24 2.635458ms mode=spread
  q edge25 2.519417ms mode=spread
  q edge26 2.677875ms mode=spread
  q edge27 2.2625ms mode=spread
  q edge28 2.578959ms mode=spread
  q edge29 2.4775ms mode=spread
  q edge30 2.24175ms mode=spread
  q edge31 1.962333ms mode=spread
  q edge32 2.149542ms mode=spread
  q edge33 2.589958ms mode=spread
  q edge34 2.387458ms mode=spread
  q edge35 2.378875ms mode=spread
  q edge36 3.160417ms mode=spread
  q edge37 3.05525ms mode=spread
  q edge38 3.181833ms mode=spread
  q edge39 2.963417ms mode=spread
  q edge40 2.11ms mode=spread
  q edge41 2.632666ms mode=spread
  q edge42 2.501834ms mode=spread
  q edge43 2.307709ms mode=spread
  q edge44 2.6955ms mode=spread
  q edge45 2.748875ms mode=spread
  q edge46 2.484583ms mode=spread
  q edge47 2.587708ms mode=spread
  q edge48 3.030541ms mode=spread
  q edge49 2.44875ms mode=spread
  q edge50 3.172541ms mode=spread
  q edge51 3.3235ms mode=spread
  q edge52 3.159166ms mode=spread
  q edge53 2.452542ms mode=spread
  q edge54 2.7805ms mode=spread
  q edge55 3.245875ms mode=spread
  q edge56 3.329083ms mode=spread
  q edge57 2.922375ms mode=spread
  q edge58 2.617875ms mode=spread
  q edge59 2.197334ms mode=spread
  q edge60 2.327541ms mode=spread
  q edge61 2.335667ms mode=spread
  q edge62 2.671042ms mode=spread
  q edge63 3.060584ms mode=spread
  q edge64 2.851167ms mode=spread
  q edge65 2.155875ms mode=spread
  q edge67 2.6205ms mode=spread
  q edge68 3.268167ms mode=spread
  q edge69 2.640959ms mode=spread
  q edge70 2.551416ms mode=spread
  q edge71 3.215709ms mode=spread
  q edge72 2.813459ms mode=spread
  q edge73 3.276166ms mode=spread
  q edge74 2.965959ms mode=spread
  q edge75 2.722709ms mode=spread
  q edge76 3.078125ms mode=spread
  q edge77 3.35225ms mode=spread
  q edge78 2.495791ms mode=spread
  q edge79 2.110458ms mode=spread
  q edge80 3.127542ms mode=spread
  q edge81 2.941083ms mode=spread
  q edge82 3.23425ms mode=spread
  q edge83 2.066375ms mode=spread
  q edge84 2.078291ms mode=spread
  q edge85 2.572291ms mode=spread
  q edge86 2.400084ms mode=spread
  q edge87 1.997667ms mode=spread
  q edge88 3.044417ms mode=spread
  q edge89 2.703417ms mode=spread
  q edge90 2.086625ms mode=spread
  q edge91 2.273125ms mode=spread
  q edge92 1.955625ms mode=spread
  q edge93 1.6695ms mode=spread
  q edge94 2.834583ms mode=spread
  q edge95 1.991667ms mode=spread
  q edge96 2.285709ms mode=spread
  q edge97 2.31075ms mode=spread
  q edge98 2.497167ms mode=spread
  q edge99 2.556958ms mode=spread
  q edge100 3.219334ms mode=spread
  q edge101 2.440417ms mode=spread
  q edge102 2.83175ms mode=spread
  q edge103 2.638541ms mode=spread
  q edge104 2.727334ms mode=spread
  q edge105 2.507292ms mode=spread
  q edge106 2.721916ms mode=spread
  q edge109 2.273791ms mode=spread
  q edge110 2.279042ms mode=spread
  q edge111 2.248666ms mode=spread
  q edge112 2.14475ms mode=spread
  q edge113 2.053667ms mode=spread
  q edge114 1.623625ms mode=spread
  q edge115 2.297792ms mode=spread
  q edge116 2.541916ms mode=spread
  q edge117 2.602625ms mode=spread
  q edge118 2.619417ms mode=spread
  q edge119 2.165333ms mode=spread
  q edge120 2.469792ms mode=spread
  q edge121 2.595625ms mode=spread
  q edge122 2.665334ms mode=spread
  q edge123 2.326209ms mode=spread
  q edge124 2.351292ms mode=spread
  q edge125 2.493542ms mode=spread
  q edge126 1.952084ms mode=spread
  q edge127 1.980333ms mode=spread
  q edge128 2.611917ms mode=spread
  q edge129 2.249625ms mode=spread
  q edge130 2.263708ms mode=spread
  q edge131 2.953ms mode=spread
  q edge132 2.244708ms mode=spread
  q edge133 2.194916ms mode=spread
  q edge134 2.59ms mode=spread
  q edge135 2.372292ms mode=spread
  q edge136 2.672041ms mode=spread
  q edge137 2.794541ms mode=spread
  q edge138 2.523917ms mode=spread
  q edge139 2.762125ms mode=spread
  q edge140 2.61175ms mode=spread
  q edge141 2.774375ms mode=spread
  q edge142 2.783334ms mode=spread
  q edge143 2.537167ms mode=spread
  q edge144 2.23925ms mode=spread
  q edge145 2.298ms mode=spread
  q edge146 2.892292ms mode=spread
  q edge147 2.526167ms mode=spread
  q edge148 2.253875ms mode=spread
  q edge149 2.743ms mode=spread
  q edge150 2.795291ms mode=spread
  q edge151 2.539958ms mode=spread
  q edge152 2.760709ms mode=spread
  q edge153 2.211042ms mode=spread
  q edge154 2.35975ms mode=spread
  q edge155 2.754416ms mode=spread
  q edge156 2.145125ms mode=spread
  q edge157 2.630125ms mode=spread
  q edge158 2.674ms mode=spread
  q edge159 2.714625ms mode=spread
  q edge160 2.405083ms mode=spread
  q edge161 1.976166ms mode=spread
  q edge162 2.725ms mode=spread
  q edge163 2.619583ms mode=spread
  q edge164 2.685958ms mode=spread
  q edge165 1.977458ms mode=spread
  q edge166 1.936417ms mode=spread
  q edge167 2.401375ms mode=spread
  q edge168 2.35175ms mode=spread
  q edge169 2.203875ms mode=spread
  q edge170 2.752375ms mode=spread
  q edge171 2.395459ms mode=spread
  q edge172 2.058916ms mode=spread
  q edge173 2.038834ms mode=spread
  q edge174 2.129583ms mode=spread
  q edge175 2.735542ms mode=spread
  q edge176 2.584375ms mode=spread
  q edge177 2.710709ms mode=spread
  q edge178 1.911208ms mode=spread
  q edge179 2.3755ms mode=spread
  q edge180 2.218625ms mode=spread
  q edge181 2.776084ms mode=spread
  q edge182 2.572458ms mode=spread
  q edge183 4.140584ms mode=spread
  q edge184 2.173708ms mode=spread
  q edge185 2.762083ms mode=spread
  q edge186 2.249208ms mode=spread
  q edge187 2.248458ms mode=spread
  q edge188 1.956375ms mode=spread
  q edge189 1.945708ms mode=spread
  q edge190 2.45175ms mode=spread
  q edge191 2.707625ms mode=spread
  q edge192 2.0755ms mode=spread
  q edge193 2.239167ms mode=spread
  q edge194 2.650625ms mode=spread
  q edge195 2.100459ms mode=spread
  q edge196 2.394375ms mode=spread
  q edge197 2.280125ms mode=spread
  q edge198 2.188209ms mode=spread
  q edge199 2.648625ms mode=spread
  q edge200 2.041959ms mode=spread
  q edge201 2.180708ms mode=spread
  q edge202 1.988416ms mode=spread
  q edge203 2.229208ms mode=spread
  q edge204 2.60075ms mode=spread
  q edge205 2.253667ms mode=spread
  q edge206 2.013167ms mode=spread
  q edge207 2.268709ms mode=spread
  q edge208 2.528083ms mode=spread
  q edge209 2.020666ms mode=spread
  q edge210 2.674417ms mode=spread
  q edge211 2.807917ms mode=spread
  q edge212 2.639958ms mode=spread
  q edge213 2.260209ms mode=spread
  q edge214 2.472583ms mode=spread
  q edge215 2.411208ms mode=spread
  q edge216 2.360083ms mode=spread
  q edge217 2.396041ms mode=spread
  q edge218 2.614916ms mode=spread
  q edge219 2.539917ms mode=spread
  q edge220 2.257125ms mode=spread
  q edge221 2.316583ms mode=spread
  q edge222 2.188417ms mode=spread
  q edge223 2.757375ms mode=spread
  q edge225 2.060375ms mode=spread
  q edge226 2.683292ms mode=spread
  q edge227 2.780208ms mode=spread
no-inhibition: flipped 25 prevented edges
  q edge1 2.8605ms mode=spread
  q edge2 2.531834ms mode=spread
  q edge3 1.790959ms mode=spread
  q edge4 2.936625ms mode=spread
  q edge5 2.721333ms mode=spread
  q edge6 2.096875ms mode=spread
  q edge7 2.3305ms mode=spread
  q edge8 2.19025ms mode=spread
  q edge9 2.847875ms mode=spread
  q edge10 2.202375ms mode=spread
  q edge11 2.04725ms mode=spread
  q edge12 2.578375ms mode=spread
  q edge16 3.142833ms mode=spread
  q edge17 2.84075ms mode=spread
  q edge19 3.600917ms mode=spread
  q edge20 2.897416ms mode=spread
  q edge21 3.004125ms mode=spread
  q edge22 3.300083ms mode=spread
  q edge23 3.039125ms mode=spread
  q edge24 2.969792ms mode=spread
  q edge25 3.263333ms mode=spread
  q edge26 3.16325ms mode=spread
  q edge27 2.678625ms mode=spread
  q edge28 2.820792ms mode=spread
  q edge29 2.734ms mode=spread
  q edge30 2.602ms mode=spread
  q edge31 2.155834ms mode=spread
  q edge32 2.416833ms mode=spread
  q edge33 2.750708ms mode=spread
  q edge34 2.614333ms mode=spread
  q edge35 2.711042ms mode=spread
  q edge36 3.4655ms mode=spread
  q edge37 3.384541ms mode=spread
  q edge38 3.445791ms mode=spread
  q edge39 3.089334ms mode=spread
  q edge40 2.591541ms mode=spread
  q edge41 3.543333ms mode=spread
  q edge42 2.780708ms mode=spread
  q edge43 2.725959ms mode=spread
  q edge44 2.992833ms mode=spread
  q edge45 3.272167ms mode=spread
  q edge46 2.868583ms mode=spread
  q edge47 2.860167ms mode=spread
  q edge48 3.481541ms mode=spread
  q edge49 2.736ms mode=spread
  q edge50 3.440917ms mode=spread
  q edge51 3.910708ms mode=spread
  q edge52 3.678292ms mode=spread
  q edge53 3.3035ms mode=spread
  q edge54 3.521458ms mode=spread
  q edge55 3.973ms mode=spread
  q edge56 3.95675ms mode=spread
  q edge57 3.343542ms mode=spread
  q edge58 3.229375ms mode=spread
  q edge59 2.782375ms mode=spread
  q edge60 2.783041ms mode=spread
  q edge61 2.855ms mode=spread
  q edge62 3.215167ms mode=spread
  q edge63 3.501541ms mode=spread
  q edge64 3.54ms mode=spread
  q edge65 2.799042ms mode=spread
  q edge67 3.383625ms mode=spread
  q edge68 4.01425ms mode=spread
  q edge69 3.102167ms mode=spread
  q edge70 3.0795ms mode=spread
  q edge71 3.691625ms mode=spread
  q edge72 3.487583ms mode=spread
  q edge73 3.875209ms mode=spread
  q edge74 3.535708ms mode=spread
  q edge75 3.332458ms mode=spread
  q edge76 3.5975ms mode=spread
  q edge77 3.902875ms mode=spread
  q edge78 2.8805ms mode=spread
  q edge79 2.594375ms mode=spread
  q edge80 4.484208ms mode=spread
  q edge81 3.640625ms mode=spread
  q edge82 4.006792ms mode=spread
  q edge83 2.388375ms mode=spread
  q edge84 2.592917ms mode=spread
  q edge85 2.894208ms mode=spread
  q edge86 2.87225ms mode=spread
  q edge87 2.469833ms mode=spread
  q edge88 3.283334ms mode=spread
  q edge89 2.947917ms mode=spread
  q edge90 2.370167ms mode=spread
  q edge91 2.4825ms mode=spread
  q edge92 2.226125ms mode=spread
  q edge93 2.114375ms mode=spread
  q edge94 3.240375ms mode=spread
  q edge95 2.266459ms mode=spread
  q edge96 2.630958ms mode=spread
  q edge97 2.713709ms mode=spread
  q edge98 2.909292ms mode=spread
  q edge99 2.918375ms mode=spread
  q edge100 3.557333ms mode=spread
  q edge101 3.067958ms mode=spread
  q edge102 4.661708ms mode=spread
  q edge103 3.14525ms mode=spread
  q edge104 3.001084ms mode=spread
  q edge105 2.925208ms mode=spread
  q edge106 3.340291ms mode=spread
  q edge109 2.885417ms mode=spread
  q edge110 2.708875ms mode=spread
  q edge111 2.802917ms mode=spread
  q edge112 2.533875ms mode=spread
  q edge113 2.566666ms mode=spread
  q edge114 1.848917ms mode=spread
  q edge115 2.680959ms mode=spread
  q edge116 2.993666ms mode=spread
  q edge117 2.934834ms mode=spread
  q edge118 2.898041ms mode=spread
  q edge119 2.337834ms mode=spread
  q edge120 2.914083ms mode=spread
  q edge121 2.986667ms mode=spread
  q edge122 2.924333ms mode=spread
  q edge123 2.824083ms mode=spread
  q edge124 2.643792ms mode=spread
  q edge125 2.672458ms mode=spread
  q edge126 2.355667ms mode=spread
  q edge127 2.135375ms mode=spread
  q edge128 2.931667ms mode=spread
  q edge129 2.841417ms mode=spread
  q edge130 2.558958ms mode=spread
  q edge131 3.270417ms mode=spread
  q edge132 2.530708ms mode=spread
  q edge133 2.317792ms mode=spread
  q edge134 2.629ms mode=spread
  q edge135 2.511333ms mode=spread
  q edge136 2.818875ms mode=spread
  q edge137 2.878083ms mode=spread
  q edge138 2.677167ms mode=spread
  q edge139 2.874916ms mode=spread
  q edge140 2.807459ms mode=spread
  q edge141 3.159208ms mode=spread
  q edge142 3.116875ms mode=spread
  q edge143 2.818292ms mode=spread
  q edge144 2.512875ms mode=spread
  q edge145 2.483833ms mode=spread
  q edge146 3.166125ms mode=spread
  q edge147 2.983041ms mode=spread
  q edge148 2.564542ms mode=spread
  q edge149 3.116625ms mode=spread
  q edge150 2.968875ms mode=spread
  q edge151 2.763292ms mode=spread
  q edge152 2.987875ms mode=spread
  q edge153 2.383417ms mode=spread
  q edge154 2.503084ms mode=spread
  q edge155 3ms mode=spread
  q edge156 2.297667ms mode=spread
  q edge157 2.936666ms mode=spread
  q edge158 2.85025ms mode=spread
  q edge159 2.940417ms mode=spread
  q edge160 2.50225ms mode=spread
  q edge161 2.132875ms mode=spread
  q edge162 2.957125ms mode=spread
  q edge163 2.835834ms mode=spread
  q edge164 2.883083ms mode=spread
  q edge165 2.23325ms mode=spread
  q edge166 2.063125ms mode=spread
  q edge167 2.687792ms mode=spread
  q edge168 2.455459ms mode=spread
  q edge169 2.280208ms mode=spread
  q edge170 2.896792ms mode=spread
  q edge171 2.494166ms mode=spread
  q edge172 2.283917ms mode=spread
  q edge173 2.102ms mode=spread
  q edge174 2.219292ms mode=spread
  q edge175 2.865917ms mode=spread
  q edge176 2.952583ms mode=spread
  q edge177 3.067834ms mode=spread
  q edge178 2.058583ms mode=spread
  q edge179 2.457542ms mode=spread
  q edge180 2.334375ms mode=spread
  q edge181 3.041583ms mode=spread
  q edge182 2.820792ms mode=spread
  q edge183 2.770208ms mode=spread
  q edge184 2.3485ms mode=spread
  q edge185 2.857334ms mode=spread
  q edge186 2.331625ms mode=spread
  q edge187 2.326125ms mode=spread
  q edge188 2.250292ms mode=spread
  q edge189 2.034667ms mode=spread
  q edge190 2.573334ms mode=spread
  q edge191 2.893792ms mode=spread
  q edge192 2.258083ms mode=spread
  q edge193 3.698792ms mode=spread
  q edge194 2.949625ms mode=spread
  q edge195 2.411875ms mode=spread
  q edge196 2.485791ms mode=spread
  q edge197 2.41075ms mode=spread
  q edge198 2.236375ms mode=spread
  q edge199 2.668125ms mode=spread
  q edge200 2.208375ms mode=spread
  q edge201 2.381458ms mode=spread
  q edge202 2.087417ms mode=spread
  q edge203 2.592459ms mode=spread
  q edge204 3.083084ms mode=spread
  q edge205 2.565166ms mode=spread
  q edge206 2.217417ms mode=spread
  q edge207 2.560208ms mode=spread
  q edge208 2.689ms mode=spread
  q edge209 2.290542ms mode=spread
  q edge210 3.033917ms mode=spread
  q edge211 2.901542ms mode=spread
  q edge212 2.808917ms mode=spread
  q edge213 2.418166ms mode=spread
  q edge214 2.593875ms mode=spread
  q edge215 2.603125ms mode=spread
  q edge216 2.521958ms mode=spread
  q edge217 2.692ms mode=spread
  q edge218 2.948541ms mode=spread
  q edge219 2.959208ms mode=spread
  q edge220 2.692708ms mode=spread
  q edge221 2.692959ms mode=spread
  q edge222 2.243541ms mode=spread
  q edge223 2.996042ms mode=spread
  q edge225 2.156292ms mode=spread
  q edge226 2.801917ms mode=spread
  q edge227 2.802959ms mode=spread
no-swr: flattened 435 chunk q-values
  q edge1 2.796584ms mode=spread
  q edge2 2.526042ms mode=spread
  q edge3 1.829709ms mode=spread
  q edge4 3.142417ms mode=spread
  q edge5 3.005084ms mode=spread
  q edge6 2.224458ms mode=spread
  q edge7 2.23875ms mode=spread
  q edge8 2.059416ms mode=spread
  q edge9 2.783959ms mode=spread
  q edge10 2.084917ms mode=spread
  q edge11 2.056666ms mode=spread
  q edge12 2.542208ms mode=spread
  q edge16 3.061333ms mode=spread
  q edge17 2.994833ms mode=spread
  q edge19 3.676958ms mode=spread
  q edge20 2.977833ms mode=spread
  q edge21 3.099125ms mode=spread
  q edge22 3.344166ms mode=spread
  q edge23 3.095ms mode=spread
  q edge24 2.957083ms mode=spread
  q edge25 3.055459ms mode=spread
  q edge26 3.135833ms mode=spread
  q edge27 2.605334ms mode=spread
  q edge28 2.812333ms mode=spread
  q edge29 2.812167ms mode=spread
  q edge30 2.6385ms mode=spread
  q edge31 2.237333ms mode=spread
  q edge32 2.450958ms mode=spread
  q edge33 2.712542ms mode=spread
  q edge34 2.558167ms mode=spread
  q edge35 2.640708ms mode=spread
  q edge36 3.419209ms mode=spread
  q edge37 3.382709ms mode=spread
  q edge38 3.439417ms mode=spread
  q edge39 3.126541ms mode=spread
  q edge40 2.417708ms mode=spread
  q edge41 2.872708ms mode=spread
  q edge42 2.621042ms mode=spread
  q edge43 2.41ms mode=spread
  q edge44 2.767833ms mode=spread
  q edge45 2.972ms mode=spread
  q edge46 2.77725ms mode=spread
  q edge47 2.797791ms mode=spread
  q edge48 3.446917ms mode=spread
  q edge49 2.7345ms mode=spread
  q edge50 3.403917ms mode=spread
  q edge51 3.6875ms mode=spread
  q edge52 3.461833ms mode=spread
  q edge53 2.905083ms mode=spread
  q edge54 3.134167ms mode=spread
  q edge55 3.884042ms mode=spread
  q edge56 3.800459ms mode=spread
  q edge57 3.304ms mode=spread
  q edge58 4.515625ms mode=spread
  q edge59 2.693291ms mode=spread
  q edge60 2.676209ms mode=spread
  q edge61 2.671292ms mode=spread
  q edge62 3.073917ms mode=spread
  q edge63 4.305834ms mode=spread
  q edge64 3.394917ms mode=spread
  q edge65 2.790334ms mode=spread
  q edge67 3.348083ms mode=spread
  q edge68 4.597875ms mode=spread
  q edge69 3.069292ms mode=spread
  q edge70 3.035625ms mode=spread
  q edge71 3.669042ms mode=spread
  q edge72 3.451042ms mode=spread
  q edge73 3.843959ms mode=spread
  q edge74 3.73525ms mode=spread
  q edge75 3.443209ms mode=spread
  q edge76 3.812125ms mode=spread
  q edge77 4.111708ms mode=spread
  q edge78 3.037833ms mode=spread
  q edge79 2.654917ms mode=spread
  q edge80 3.768666ms mode=spread
  q edge81 3.286084ms mode=spread
  q edge82 3.756417ms mode=spread
  q edge83 2.475375ms mode=spread
  q edge84 2.635958ms mode=spread
  q edge85 2.915917ms mode=spread
  q edge86 3.046125ms mode=spread
  q edge87 2.615708ms mode=spread
  q edge88 3.594583ms mode=spread
  q edge89 3.124625ms mode=spread
  q edge90 2.839458ms mode=spread
  q edge91 2.635625ms mode=spread
  q edge92 2.366834ms mode=spread
  q edge93 2.171208ms mode=spread
  q edge94 3.321708ms mode=spread
  q edge95 2.240333ms mode=spread
  q edge96 2.802166ms mode=spread
  q edge97 3.077667ms mode=spread
  q edge98 3.158125ms mode=spread
  q edge99 3.204125ms mode=spread
  q edge100 3.897417ms mode=spread
  q edge101 3.192417ms mode=spread
  q edge102 3.609208ms mode=spread
  q edge103 3.218ms mode=spread
  q edge104 4.401459ms mode=spread
  q edge105 2.991916ms mode=spread
  q edge106 3.333625ms mode=spread
  q edge109 2.717375ms mode=spread
  q edge110 2.70075ms mode=spread
  q edge111 2.62775ms mode=spread
  q edge112 2.443375ms mode=spread
  q edge113 2.436041ms mode=spread
  q edge114 1.849166ms mode=spread
  q edge115 2.894ms mode=spread
  q edge116 2.989417ms mode=spread
  q edge117 3.374625ms mode=spread
  q edge118 2.971125ms mode=spread
  q edge119 2.225458ms mode=spread
  q edge120 2.874625ms mode=spread
  q edge121 2.917833ms mode=spread
  q edge122 3.107208ms mode=spread
  q edge123 2.545791ms mode=spread
  q edge124 2.514333ms mode=spread
  q edge125 2.67425ms mode=spread
  q edge126 2.29825ms mode=spread
  q edge127 2.321584ms mode=spread
  q edge128 3.013375ms mode=spread
  q edge129 2.687ms mode=spread
  q edge130 2.558209ms mode=spread
  q edge131 3.480208ms mode=spread
  q edge132 2.674042ms mode=spread
  q edge133 2.433875ms mode=spread
  q edge134 2.709917ms mode=spread
  q edge135 2.679541ms mode=spread
  q edge136 2.997209ms mode=spread
  q edge137 3.035708ms mode=spread
  q edge138 2.893125ms mode=spread
  q edge139 3.080208ms mode=spread
  q edge140 3.166959ms mode=spread
  q edge141 3.40425ms mode=spread
  q edge142 3.37025ms mode=spread
  q edge143 3.044292ms mode=spread
  q edge144 2.690958ms mode=spread
  q edge145 2.645791ms mode=spread
  q edge146 3.362417ms mode=spread
  q edge147 3.071667ms mode=spread
  q edge148 2.674916ms mode=spread
  q edge149 3.240416ms mode=spread
  q edge150 3.141958ms mode=spread
  q edge151 2.936375ms mode=spread
  q edge152 3.146958ms mode=spread
  q edge153 2.556458ms mode=spread
  q edge154 2.613708ms mode=spread
  q edge155 3.139292ms mode=spread
  q edge156 2.426ms mode=spread
  q edge157 3.0385ms mode=spread
  q edge158 2.9705ms mode=spread
  q edge159 3.154625ms mode=spread
  q edge160 2.627458ms mode=spread
  q edge161 2.213958ms mode=spread
  q edge162 3.078917ms mode=spread
  q edge163 2.961541ms mode=spread
  q edge164 2.9905ms mode=spread
  q edge165 2.247ms mode=spread
  q edge166 2.185708ms mode=spread
  q edge167 2.792958ms mode=spread
  q edge168 2.605833ms mode=spread
  q edge169 2.3945ms mode=spread
  q edge170 2.994209ms mode=spread
  q edge171 2.61475ms mode=spread
  q edge172 2.415459ms mode=spread
  q edge173 2.18425ms mode=spread
  q edge174 2.378125ms mode=spread
  q edge175 3.115041ms mode=spread
  q edge176 3.11775ms mode=spread
  q edge177 3.226667ms mode=spread
  q edge178 2.095625ms mode=spread
  q edge179 2.448333ms mode=spread
  q edge180 2.377ms mode=spread
  q edge181 3.2165ms mode=spread
  q edge182 2.892ms mode=spread
  q edge183 2.844166ms mode=spread
  q edge184 2.408125ms mode=spread
  q edge185 2.948542ms mode=spread
  q edge186 2.427208ms mode=spread
  q edge187 2.357792ms mode=spread
  q edge188 2.301542ms mode=spread
  q edge189 2.051958ms mode=spread
  q edge190 2.589833ms mode=spread
  q edge191 3.025834ms mode=spread
  q edge192 2.384958ms mode=spread
  q edge193 2.5675ms mode=spread
  q edge194 2.938958ms mode=spread
  q edge195 3.900833ms mode=spread
  q edge196 2.795417ms mode=spread
  q edge197 2.446625ms mode=spread
  q edge198 2.261ms mode=spread
  q edge199 2.846292ms mode=spread
  q edge200 2.449791ms mode=spread
  q edge201 2.544166ms mode=spread
  q edge202 2.220584ms mode=spread
  q edge203 2.628709ms mode=spread
  q edge204 2.977583ms mode=spread
  q edge205 2.5795ms mode=spread
  q edge206 2.266083ms mode=spread
  q edge207 2.609542ms mode=spread
  q edge208 2.862459ms mode=spread
  q edge209 2.422625ms mode=spread
  q edge210 2.958084ms mode=spread
  q edge211 3.03025ms mode=spread
  q edge212 3.085458ms mode=spread
  q edge213 2.5165ms mode=spread
  q edge214 2.870541ms mode=spread
  q edge215 2.865834ms mode=spread
  q edge216 2.593458ms mode=spread
  q edge217 2.8705ms mode=spread
  q edge218 3.124959ms mode=spread
  q edge219 3.008167ms mode=spread
  q edge220 2.763792ms mode=spread
  q edge221 2.853125ms mode=spread
  q edge222 2.398917ms mode=spread
  q edge223 3.227958ms mode=spread
  q edge225 2.325792ms mode=spread
  q edge226 2.905208ms mode=spread
  q edge227 3.038584ms mode=spread
