self-queries: derived 219 query pairs from causal_edges
  q edge1 83.494375ms mode=spread
  q edge2 60.502625ms mode=spread
  q edge3 52.629084ms mode=spread
  q edge4 86.202084ms mode=spread
  q edge5 69.126667ms mode=spread
  q edge6 61.930958ms mode=spread
  q edge7 64.33075ms mode=spread
  q edge8 65.300208ms mode=spread
  q edge9 66.965208ms mode=spread
  q edge10 68.197792ms mode=spread
  q edge11 59.775333ms mode=spread
  q edge12 62.844625ms mode=spread
  q edge16 74.374ms mode=spread
  q edge17 78.966625ms mode=spread
  q edge19 57.6295ms mode=spread
  q edge20 53.805209ms mode=spread
  q edge21 77.311708ms mode=spread
  q edge22 57.3485ms mode=spread
  q edge23 62.867291ms mode=spread
  q edge24 72.044666ms mode=spread
  q edge25 67.8645ms mode=spread
  q edge26 53.062917ms mode=spread
  q edge27 76.420708ms mode=spread
  q edge28 71.242583ms mode=spread
  q edge29 59.132ms mode=spread
  q edge30 64.040875ms mode=spread
  q edge31 58.931292ms mode=spread
  q edge32 64.008792ms mode=spread
  q edge33 60.98775ms mode=spread
  q edge34 59.589958ms mode=spread
  q edge35 59.621833ms mode=spread
  q edge36 61.756417ms mode=spread
  q edge37 64.843584ms mode=spread
  q edge38 61.955583ms mode=spread
  q edge39 60.167166ms mode=spread
  q edge40 60.467042ms mode=spread
  q edge41 61.6165ms mode=spread
  q edge42 59.97325ms mode=spread
  q edge43 62.306333ms mode=spread
  q edge44 58.814542ms mode=spread
  q edge45 63.89475ms mode=spread
  q edge46 64.814584ms mode=spread
  q edge47 62.614125ms mode=spread
  q edge48 62.049667ms mode=spread
  q edge49 57.501333ms mode=spread
  q edge50 70.066ms mode=spread
  q edge51 66.889084ms mode=spread
  q edge52 60.130208ms mode=spread
  q edge53 63.57425ms mode=spread
  q edge54 68.267792ms mode=spread
  q edge55 63.627083ms mode=spread
  q edge56 63.646334ms mode=spread
  q edge57 46.695208ms mode=spread
  q edge58 52.379125ms mode=spread
  q edge59 46.778167ms mode=spread
  q edge60 65.562542ms mode=spread
  q edge61 63.582125ms mode=spread
  q edge62 60.944417ms mode=spread
  q edge63 65.23925ms mode=spread
  q edge64 64.622958ms mode=spread
  q edge65 60.36925ms mode=spread
  q edge67 55.401917ms mode=spread
  q edge68 67.225416ms mode=spread
  q edge69 66.100459ms mode=spread
  q edge70 71.13925ms mode=spread
  q edge71 64.405625ms mode=spread
  q edge72 63.670417ms mode=spread
  q edge73 60.45175ms mode=spread
  q edge74 65.197167ms mode=spread
  q edge75 66.143459ms mode=spread
  q edge76 68.260625ms mode=spread
  q edge77 69.764541ms mode=spread
  q edge78 72.438166ms mode=spread
  q edge79 72.682292ms mode=spread
  q edge80 69.806959ms mode=spread
  q edge81 70.796083ms mode=spread
  q edge82 68.154541ms mode=spread
  q edge83 64.3895ms mode=spread
  q edge84 64.411ms mode=spread
  q edge85 65.897708ms mode=spread
  q edge86 70.279334ms mode=spread
  q edge87 65.451875ms mode=spread
  q edge88 66.08725ms mode=spread
  q edge89 69.70475ms mode=spread
  q edge90 59.723708ms mode=spread
  q edge91 61.299625ms mode=spread
  q edge92 60.514709ms mode=spread
  q edge93 64.936375ms mode=spread
  q edge94 50.708417ms mode=spread
  q edge95 51.2835ms mode=spread
  q edge96 66.5825ms mode=spread
  q edge97 58.27875ms mode=spread
  q edge98 65.735708ms mode=spread
  q edge99 65.48125ms mode=spread
  q edge100 55.519542ms mode=spread
  q edge101 61.337917ms mode=spread
  q edge102 67.231167ms mode=spread
  q edge103 70.541459ms mode=spread
  q edge104 68.854833ms mode=spread
  q edge105 73.396417ms mode=spread
  q edge106 70.68825ms mode=spread
  q edge107 64.811208ms mode=spread
  q edge109 56.396ms mode=spread
  q edge110 76.232875ms mode=spread
  q edge111 67.548083ms mode=spread
  q edge112 61.429334ms mode=spread
  q edge113 71.819083ms mode=spread
  q edge114 60.872542ms mode=spread
  q edge115 60.816333ms mode=spread
  q edge116 72.854417ms mode=spread
  q edge117 56.486958ms mode=spread
  q edge118 55.129333ms mode=spread
  q edge119 52.888ms mode=spread
  q edge120 40.363375ms mode=spread
  q edge121 29.07775ms mode=spread
  q edge122 66.703083ms mode=spread
  q edge123 44.428834ms mode=spread
  q edge124 61.276542ms mode=spread
  q edge125 37.425084ms mode=spread
  q edge126 64.385667ms mode=spread
  q edge127 51.433125ms mode=spread
  q edge128 63.449042ms mode=spread
  q edge129 60.913208ms mode=spread
  q edge130 61.463709ms mode=spread
  q edge131 73.600958ms mode=spread
  q edge132 43.23925ms mode=spread
  q edge133 33.611667ms mode=spread
  q edge134 39.488792ms mode=spread
  q edge135 22.120375ms mode=spread
  q edge136 14.209458ms mode=spread
  q edge137 37.350292ms mode=spread
  q edge138 63.362208ms mode=spread
  q edge139 60.188708ms mode=spread
  q edge140 57.86725ms mode=spread
  q edge141 58.533916ms mode=spread
  q edge142 63.189375ms mode=spread
  q edge143 63.592167ms mode=spread
  q edge144 68.146375ms mode=spread
  q edge145 62.112042ms mode=spread
  q edge146 70.437917ms mode=spread
  q edge147 68.655917ms mode=spread
  q edge148 65.293125ms mode=spread
  q edge149 76.162041ms mode=spread
  q edge150 69.506584ms mode=spread
  q edge151 68.523584ms mode=spread
  q edge152 66.315417ms mode=spread
  q edge153 42.829542ms mode=spread
  q edge154 43.0195ms mode=spread
  q edge155 65.129084ms mode=spread
  q edge156 46.026833ms mode=spread
  q edge157 57.345833ms mode=spread
  q edge158 49.056083ms mode=spread
  q edge159 57.072208ms mode=spread
  q edge160 58.612708ms mode=spread
  q edge161 55.718458ms mode=spread
  q edge162 59.474041ms mode=spread
  q edge163 52.136125ms mode=spread
  q edge164 64.491458ms mode=spread
  q edge165 63.630625ms mode=spread
  q edge166 48.395125ms mode=spread
  q edge167 57.021083ms mode=spread
  q edge168 61.081875ms mode=spread
  q edge169 32.546292ms mode=spread
  q edge170 59.072792ms mode=spread
  q edge171 42.022875ms mode=spread
  q edge172 59.073334ms mode=spread
  q edge173 42.246ms mode=spread
  q edge174 54.795792ms mode=spread
  q edge175 7.897417ms mode=spread
  q edge176 62.5685ms mode=spread
  q edge177 62.7895ms mode=spread
  q edge178 41.54275ms mode=spread
  q edge179 25.101292ms mode=spread
  q edge180 65.521791ms mode=spread
  q edge181 63.550042ms mode=spread
  q edge182 66.258ms mode=spread
  q edge183 52.313041ms mode=spread
  q edge184 53.284708ms mode=spread
  q edge185 55.25275ms mode=spread
  q edge186 59.170459ms mode=spread
  q edge187 57.685792ms mode=spread
  q edge188 55.580417ms mode=spread
  q edge189 30.573875ms mode=spread
  q edge190 68.951917ms mode=spread
  q edge191 58.866375ms mode=spread
  q edge192 63.99075ms mode=spread
  q edge193 52.758125ms mode=spread
  q edge194 66.116667ms mode=spread
  q edge195 59.539666ms mode=spread
  q edge196 67.434459ms mode=spread
  q edge197 46.149ms mode=spread
  q edge198 62.480958ms mode=spread
  q edge199 51.933625ms mode=spread
  q edge200 38.10825ms mode=spread
  q edge201 40.379208ms mode=spread
  q edge202 47.04975ms mode=spread
  q edge203 27.916708ms mode=spread
  q edge204 62.997625ms mode=spread
  q edge205 56.5185ms mode=spread
  q edge206 40.094416ms mode=spread
  q edge207 52.0865ms mode=spread
  q edge208 52.689333ms mode=spread
  q edge209 44.022375ms mode=spread
  q edge210 70.231ms mode=spread
  q edge211 46.371666ms mode=spread
  q edge212 63.509958ms mode=spread
  q edge213 62.570333ms mode=spread
  q edge214 61.104ms mode=spread
  q edge215 50.099791ms mode=spread
  q edge216 56.628792ms mode=spread
  q edge217 57.91875ms mode=spread
  q edge218 49.583292ms mode=spread
  q edge219 61.04525ms mode=spread
  q edge220 63.3355ms mode=spread
  q edge221 37.484791ms mode=spread
  q edge222 58.985167ms mode=spread
  q edge223 56.076917ms mode=spread
  q edge225 52.755042ms mode=spread
  q edge226 63.174709ms mode=spread
no-spread: spreading activation disabled (seed-hits-only)
  q edge1 3.689791ms mode=spread
  q edge2 2.825875ms mode=spread
  q edge3 2.562791ms mode=spread
  q edge4 3.876458ms mode=spread
  q edge5 3.305ms mode=spread
  q edge6 2.787958ms mode=spread
  q edge7 2.959708ms mode=spread
  q edge8 2.417416ms mode=spread
  q edge9 2.73625ms mode=spread
  q edge10 2.868375ms mode=spread
  q edge11 2.502ms mode=spread
  q edge12 3.013041ms mode=spread
  q edge16 3.1385ms mode=spread
  q edge17 2.902167ms mode=spread
  q edge19 5.240458ms mode=spread
  q edge20 2.682459ms mode=spread
  q edge21 3.247208ms mode=spread
  q edge22 3.801334ms mode=spread
  q edge23 2.828875ms mode=spread
  q edge24 2.85725ms mode=spread
  q edge25 2.913042ms mode=spread
  q edge26 3.048667ms mode=spread
  q edge27 2.713708ms mode=spread
  q edge28 2.956416ms mode=spread
  q edge29 2.773959ms mode=spread
  q edge30 2.569708ms mode=spread
  q edge31 2.627792ms mode=spread
  q edge32 2.719209ms mode=spread
  q edge33 2.32675ms mode=spread
  q edge34 2.932125ms mode=spread
  q edge35 2.563792ms mode=spread
  q edge36 3.2775ms mode=spread
  q edge37 3.046708ms mode=spread
  q edge38 3.127417ms mode=spread
  q edge39 2.909584ms mode=spread
  q edge40 2.667541ms mode=spread
  q edge41 2.684084ms mode=spread
  q edge42 2.453875ms mode=spread
  q edge43 2.783375ms mode=spread
  q edge44 2.922792ms mode=spread
  q edge45 3.018167ms mode=spread
  q edge46 2.864334ms mode=spread
  q edge47 2.860667ms mode=spread
  q edge48 2.818958ms mode=spread
  q edge49 2.803917ms mode=spread
  q edge50 3.267667ms mode=spread
  q edge51 3.464ms mode=spread
  q edge52 3.58ms mode=spread
  q edge53 3.316083ms mode=spread
  q edge54 3.611417ms mode=spread
  q edge55 3.247833ms mode=spread
  q edge56 3.461584ms mode=spread
  q edge57 3.626708ms mode=spread
  q edge58 3.670917ms mode=spread
  q edge59 2.996042ms mode=spread
  q edge60 3.175541ms mode=spread
  q edge61 3.214958ms mode=spread
  q edge62 3.274333ms mode=spread
  q edge63 3.280333ms mode=spread
  q edge64 3.100625ms mode=spread
  q edge65 2.669125ms mode=spread
  q edge67 3.29475ms mode=spread
  q edge68 3.410833ms mode=spread
  q edge69 3.070916ms mode=spread
  q edge70 3.258791ms mode=spread
  q edge71 3.738084ms mode=spread
  q edge72 3.958542ms mode=spread
  q edge73 3.984458ms mode=spread
  q edge74 3.697666ms mode=spread
  q edge75 3.612167ms mode=spread
  q edge76 3.678667ms mode=spread
  q edge77 3.567125ms mode=spread
  q edge78 2.904125ms mode=spread
  q edge79 2.872917ms mode=spread
  q edge80 3.803583ms mode=spread
  q edge81 3.806875ms mode=spread
  q edge82 3.2445ms mode=spread
  q edge83 2.799125ms mode=spread
  q edge84 2.720208ms mode=spread
  q edge85 2.88275ms mode=spread
  q edge86 3.0555ms mode=spread
  q edge87 2.66425ms mode=spread
  q edge88 2.744417ms mode=spread
  q edge89 2.10125ms mode=spread
  q edge90 2.5425ms mode=spread
  q edge91 2.648083ms mode=spread
  q edge92 2.623625ms mode=spread
  q edge93 2.617667ms mode=spread
  q edge94 3.101792ms mode=spread
  q edge95 2.464167ms mode=spread
  q edge96 2.666125ms mode=spread
  q edge97 2.888541ms mode=spread
  q edge98 3.186459ms mode=spread
  q edge99 3.1505ms mode=spread
  q edge100 3.377292ms mode=spread
  q edge101 3.049541ms mode=spread
  q edge102 3.410333ms mode=spread
  q edge103 3.284708ms mode=spread
  q edge104 2.716959ms mode=spread
  q edge105 2.904375ms mode=spread
  q edge106 2.545542ms mode=spread
  q edge107 2.210125ms mode=spread
  q edge109 2.577917ms mode=spread
  q edge110 3.199334ms mode=spread
  q edge111 3.3345ms mode=spread
  q edge112 3.136834ms mode=spread
  q edge113 3.076958ms mode=spread
  q edge114 2.871875ms mode=spread
  q edge115 2.930833ms mode=spread
  q edge116 3.029375ms mode=spread
  q edge117 2.88725ms mode=spread
  q edge118 2.74675ms mode=spread
  q edge119 2.861875ms mode=spread
  q edge120 3.026875ms mode=spread
  q edge121 3.29625ms mode=spread
  q edge122 2.650083ms mode=spread
  q edge123 2.502166ms mode=spread
  q edge124 2.578792ms mode=spread
  q edge125 2.839458ms mode=spread
  q edge126 2.274791ms mode=spread
  q edge127 2.387ms mode=spread
  q edge128 2.58075ms mode=spread
  q edge129 2.807292ms mode=spread
  q edge130 2.793459ms mode=spread
  q edge131 2.789959ms mode=spread
  q edge132 2.774375ms mode=spread
  q edge133 2.896375ms mode=spread
  q edge134 2.887584ms mode=spread
  q edge135 2.938125ms mode=spread
  q edge136 2.514041ms mode=spread
  q edge137 3.039ms mode=spread
  q edge138 2.625875ms mode=spread
  q edge139 2.957916ms mode=spread
  q edge140 2.937208ms mode=spread
  q edge141 3.112875ms mode=spread
  q edge142 3.143667ms mode=spread
  q edge143 2.75875ms mode=spread
  q edge144 2.681417ms mode=spread
  q edge145 2.840917ms mode=spread
  q edge146 3.159ms mode=spread
  q edge147 2.711375ms mode=spread
  q edge148 2.522916ms mode=spread
  q edge149 2.8255ms mode=spread
  q edge150 2.320667ms mode=spread
  q edge151 2.777292ms mode=spread
  q edge152 2.620917ms mode=spread
  q edge153 2.75575ms mode=spread
  q edge154 2.677791ms mode=spread
  q edge155 2.535458ms mode=spread
  q edge156 2.907833ms mode=spread
  q edge157 3.049959ms mode=spread
  q edge158 3.117334ms mode=spread
  q edge159 2.410833ms mode=spread
  q edge160 2.7875ms mode=spread
  q edge161 2.692792ms mode=spread
  q edge162 2.538167ms mode=spread
  q edge163 2.410459ms mode=spread
  q edge164 2.765084ms mode=spread
  q edge165 2.526167ms mode=spread
  q edge166 2.591542ms mode=spread
  q edge167 2.821875ms mode=spread
  q edge168 2.918208ms mode=spread
  q edge169 2.878458ms mode=spread
  q edge170 2.991334ms mode=spread
  q edge171 2.837292ms mode=spread
  q edge172 2.841583ms mode=spread
  q edge173 2.6675ms mode=spread
  q edge174 3.013875ms mode=spread
  q edge175 2.897375ms mode=spread
  q edge176 2.846041ms mode=spread
  q edge177 3.119917ms mode=spread
  q edge178 2.483292ms mode=spread
  q edge179 2.975542ms mode=spread
  q edge180 3.19225ms mode=spread
  q edge181 2.678084ms mode=spread
  q edge182 3.04ms mode=spread
  q edge183 2.794708ms mode=spread
  q edge184 2.898292ms mode=spread
  q edge185 2.865916ms mode=spread
  q edge186 4.357ms mode=spread
  q edge187 3.533625ms mode=spread
  q edge188 2.701375ms mode=spread
  q edge189 2.833458ms mode=spread
  q edge190 3.112708ms mode=spread
  q edge191 2.931291ms mode=spread
  q edge192 2.420208ms mode=spread
  q edge193 2.498625ms mode=spread
  q edge194 2.986542ms mode=spread
  q edge195 3.108542ms mode=spread
  q edge196 3.125708ms mode=spread
  q edge197 2.912667ms mode=spread
  q edge198 2.860667ms mode=spread
  q edge199 2.976834ms mode=spread
  q edge200 2.730417ms mode=spread
  q edge201 2.801917ms mode=spread
  q edge202 2.262709ms mode=spread
  q edge203 2.857084ms mode=spread
  q edge204 3.07ms mode=spread
  q edge205 2.82275ms mode=spread
  q edge206 2.692ms mode=spread
  q edge207 2.7255ms mode=spread
  q edge208 2.831625ms mode=spread
  q edge209 2.952166ms mode=spread
  q edge210 3.069584ms mode=spread
  q edge211 2.792334ms mode=spread
  q edge212 2.783542ms mode=spread
  q edge213 3.076792ms mode=spread
  q edge214 3.265041ms mode=spread
  q edge215 3.140208ms mode=spread
  q edge216 3.071042ms mode=spread
  q edge217 2.96425ms mode=spread
  q edge218 2.822083ms mode=spread
  q edge219 2.673208ms mode=spread
  q edge220 3.009083ms mode=spread
  q edge221 2.864ms mode=spread
  q edge222 2.220666ms mode=spread
  q edge223 2.926584ms mode=spread
  q edge225 2.28075ms mode=spread
  q edge226 2.827584ms mode=spread
no-inhibition: flipped 25 prevented edges
  q edge1 73.870541ms mode=spread
  q edge2 63.835417ms mode=spread
  q edge3 55.368125ms mode=spread
  q edge4 65.53525ms mode=spread
  q edge5 68.947417ms mode=spread
  q edge6 67.911166ms mode=spread
  q edge7 65.502375ms mode=spread
  q edge8 66.1245ms mode=spread
  q edge9 72.413833ms mode=spread
  q edge10 79.356084ms mode=spread
  q edge11 57.762375ms mode=spread
  q edge12 61.620375ms mode=spread
  q edge16 67.264417ms mode=spread
  q edge17 69.962833ms mode=spread
  q edge19 59.284292ms mode=spread
  q edge20 57.937792ms mode=spread
  q edge21 75.220583ms mode=spread
  q edge22 64.8435ms mode=spread
  q edge23 61.143792ms mode=spread
  q edge24 75.6055ms mode=spread
  q edge25 120.99575ms mode=spread
  q edge26 57.495375ms mode=spread
  q edge27 74.260083ms mode=spread
  q edge28 72.553917ms mode=spread
  q edge29 55.979208ms mode=spread
  q edge30 58.574708ms mode=spread
  q edge31 61.601583ms mode=spread
  q edge32 66.025917ms mode=spread
  q edge33 59.107792ms mode=spread
  q edge34 62.904708ms mode=spread
  q edge35 58.102458ms mode=spread
  q edge36 63.609417ms mode=spread
  q edge37 64.984292ms mode=spread
  q edge38 61.57025ms mode=spread
  q edge39 57.933875ms mode=spread
  q edge40 61.676791ms mode=spread
  q edge41 61.241833ms mode=spread
  q edge42 62.023584ms mode=spread
  q edge43 65.955666ms mode=spread
  q edge44 62.548375ms mode=spread
  q edge45 65.132917ms mode=spread
  q edge46 75.142833ms mode=spread
  q edge47 62.045125ms mode=spread
  q edge48 72.2385ms mode=spread
  q edge49 62.156458ms mode=spread
  q edge50 66.999375ms mode=spread
  q edge51 75.60325ms mode=spread
  q edge52 68.7365ms mode=spread
  q edge53 61.304667ms mode=spread
  q edge54 93.868833ms mode=spread
  q edge55 61.102125ms mode=spread
  q edge56 61.7675ms mode=spread
  q edge57 48.124625ms mode=spread
  q edge58 55.586458ms mode=spread
  q edge59 50.631541ms mode=spread
  q edge60 63.11525ms mode=spread
  q edge61 63.865542ms mode=spread
  q edge62 63.674ms mode=spread
  q edge63 74.497292ms mode=spread
  q edge64 66.814833ms mode=spread
  q edge65 63.4115ms mode=spread
  q edge67 53.574833ms mode=spread
  q edge68 67.522167ms mode=spread
  q edge69 68.29375ms mode=spread
  q edge70 68.756459ms mode=spread
  q edge71 62.973458ms mode=spread
  q edge72 65.4695ms mode=spread
  q edge73 62.896542ms mode=spread
  q edge74 70.558875ms mode=spread
  q edge75 67.759625ms mode=spread
  q edge76 68.872125ms mode=spread
  q edge77 69.145666ms mode=spread
  q edge78 71.445625ms mode=spread
  q edge79 70.580333ms mode=spread
  q edge80 68.178125ms mode=spread
  q edge81 79.216167ms mode=spread
  q edge82 78.071416ms mode=spread
  q edge83 68.191292ms mode=spread
  q edge84 65.556208ms mode=spread
  q edge85 60.6095ms mode=spread
  q edge86 76.159459ms mode=spread
  q edge87 60.508417ms mode=spread
  q edge88 60.220792ms mode=spread
  q edge89 65.358375ms mode=spread
  q edge90 56.062625ms mode=spread
  q edge91 68.084459ms mode=spread
  q edge92 92.079792ms mode=spread
  q edge93 64.755458ms mode=spread
  q edge94 48.691625ms mode=spread
  q edge95 51.524708ms mode=spread
  q edge96 65.309083ms mode=spread
  q edge97 60.699459ms mode=spread
  q edge98 63.363208ms mode=spread
  q edge99 62.81875ms mode=spread
  q edge100 52.923292ms mode=spread
  q edge101 61.047583ms mode=spread
  q edge102 63.62725ms mode=spread
  q edge103 64.227208ms mode=spread
  q edge104 57.18725ms mode=spread
  q edge105 59.282292ms mode=spread
  q edge106 65.547709ms mode=spread
  q edge107 63.631083ms mode=spread
  q edge109 48.492208ms mode=spread
  q edge110 64.683458ms mode=spread
  q edge111 64.33875ms mode=spread
  q edge112 62.196958ms mode=spread
  q edge113 64.817583ms mode=spread
  q edge114 60.165958ms mode=spread
  q edge115 55.094791ms mode=spread
  q edge116 68.892375ms mode=spread
  q edge117 53.019083ms mode=spread
  q edge118 55.695ms mode=spread
  q edge119 51.177083ms mode=spread
  q edge120 37.663416ms mode=spread
  q edge121 24.759125ms mode=spread
  q edge122 63.470125ms mode=spread
  q edge123 40.004875ms mode=spread
  q edge124 57.4955ms mode=spread
  q edge125 37.251917ms mode=spread
  q edge126 65.419792ms mode=spread
  q edge127 52.234542ms mode=spread
  q edge128 65.741292ms mode=spread
  q edge129 64.836ms mode=spread
  q edge130 62.746708ms mode=spread
  q edge131 65.752625ms mode=spread
  q edge132 39.717417ms mode=spread
  q edge133 34.558ms mode=spread
  q edge134 37.049333ms mode=spread
  q edge135 21.416792ms mode=spread
  q edge136 12.242833ms mode=spread
  q edge137 40.970833ms mode=spread
  q edge138 56.957875ms mode=spread
  q edge139 64.042583ms mode=spread
  q edge140 50.230667ms mode=spread
  q edge141 51.354625ms mode=spread
  q edge142 55.020166ms mode=spread
  q edge143 56.63175ms mode=spread
  q edge144 64.892958ms mode=spread
  q edge145 56.144417ms mode=spread
  q edge146 62.200583ms mode=spread
  q edge147 59.600083ms mode=spread
  q edge148 61.299625ms mode=spread
  q edge149 67.875458ms mode=spread
  q edge150 63.717333ms mode=spread
  q edge151 62.935ms mode=spread
  q edge152 63.624542ms mode=spread
  q edge153 39.107709ms mode=spread
  q edge154 38.022416ms mode=spread
  q edge155 63.871583ms mode=spread
  q edge156 43.091167ms mode=spread
  q edge157 55.767417ms mode=spread
  q edge158 45.216ms mode=spread
  q edge159 58.179583ms mode=spread
  q edge160 59.868959ms mode=spread
  q edge161 53.630708ms mode=spread
  q edge162 59.950958ms mode=spread
  q edge163 51.206667ms mode=spread
  q edge164 70.993166ms mode=spread
  q edge165 64.636875ms mode=spread
  q edge166 45.680833ms mode=spread
  q edge167 61.408792ms mode=spread
  q edge168 64.057084ms mode=spread
  q edge169 31.748875ms mode=spread
  q edge170 58.842334ms mode=spread
  q edge171 39.118ms mode=spread
  q edge172 55.133375ms mode=spread
  q edge173 43.533208ms mode=spread
  q edge174 54.8545ms mode=spread
  q edge175 7.766291ms mode=spread
  q edge176 62.097208ms mode=spread
  q edge177 63.072875ms mode=spread
  q edge178 38.980583ms mode=spread
  q edge179 23.960583ms mode=spread
  q edge180 60.044458ms mode=spread
  q edge181 62.625291ms mode=spread
  q edge182 67.40275ms mode=spread
  q edge183 51.910625ms mode=spread
  q edge184 52.767417ms mode=spread
  q edge185 57.1175ms mode=spread
  q edge186 57.401417ms mode=spread
  q edge187 51.763458ms mode=spread
  q edge188 54.867916ms mode=spread
  q edge189 30.52525ms mode=spread
  q edge190 65.117083ms mode=spread
  q edge191 63.239084ms mode=spread
  q edge192 60.623458ms mode=spread
  q edge193 51.628458ms mode=spread
  q edge194 65.699167ms mode=spread
  q edge195 58.735ms mode=spread
  q edge196 68.961125ms mode=spread
  q edge197 43.410541ms mode=spread
  q edge198 59.433625ms mode=spread
  q edge199 46.074916ms mode=spread
  q edge200 34.650292ms mode=spread
  q edge201 37.60375ms mode=spread
  q edge202 48.353583ms mode=spread
  q edge203 28.933ms mode=spread
  q edge204 62.587584ms mode=spread
  q edge205 52.442625ms mode=spread
  q edge206 39.596875ms mode=spread
  q edge207 50.076958ms mode=spread
  q edge208 47.830625ms mode=spread
  q edge209 40.521708ms mode=spread
  q edge210 61.152416ms mode=spread
  q edge211 46.578958ms mode=spread
  q edge212 58.213667ms mode=spread
  q edge213 57.891458ms mode=spread
  q edge214 58.237625ms mode=spread
  q edge215 46.837042ms mode=spread
  q edge216 53.229458ms mode=spread
  q edge217 53.064292ms mode=spread
  q edge218 48.316542ms mode=spread
  q edge219 67.980125ms mode=spread
  q edge220 59.159167ms mode=spread
  q edge221 35.630292ms mode=spread
  q edge222 58.704083ms mode=spread
  q edge223 56.295542ms mode=spread
  q edge225 51.41775ms mode=spread
  q edge226 60.499667ms mode=spread
no-swr: flattened 433 chunk q-values
  q edge1 65.408334ms mode=spread
  q edge2 55.445459ms mode=spread
  q edge3 50.81825ms mode=spread
  q edge4 59.122959ms mode=spread
  q edge5 63.909084ms mode=spread
  q edge6 63.421541ms mode=spread
  q edge7 57.426917ms mode=spread
  q edge8 66.220167ms mode=spread
  q edge9 60.745916ms mode=spread
  q edge10 71.84975ms mode=spread
  q edge11 53.6375ms mode=spread
  q edge12 62.680209ms mode=spread
  q edge16 69.00075ms mode=spread
  q edge17 67.195541ms mode=spread
  q edge19 81.247958ms mode=spread
  q edge20 63.266792ms mode=spread
  q edge21 69.446167ms mode=spread
  q edge22 58.505542ms mode=spread
  q edge23 58.182ms mode=spread
  q edge24 63.599334ms mode=spread
  q edge25 59.101ms mode=spread
  q edge26 46.727ms mode=spread
  q edge27 64.509709ms mode=spread
  q edge28 62.25475ms mode=spread
  q edge29 51.485917ms mode=spread
  q edge30 89.153792ms mode=spread
  q edge31 54.766958ms mode=spread
  q edge32 55.150458ms mode=spread
  q edge33 54.620959ms mode=spread
  q edge34 55.906459ms mode=spread
  q edge35 55.541833ms mode=spread
  q edge36 58.925166ms mode=spread
  q edge37 67.601084ms mode=spread
  q edge38 59.980625ms mode=spread
  q edge39 56.822333ms mode=spread
  q edge40 57.04875ms mode=spread
  q edge41 57.740042ms mode=spread
  q edge42 55.566334ms mode=spread
  q edge43 56.246833ms mode=spread
  q edge44 55.944042ms mode=spread
  q edge45 56.117583ms mode=spread
  q edge46 60.983667ms mode=spread
  q edge47 57.572ms mode=spread
  q edge48 63.260166ms mode=spread
  q edge49 52.345542ms mode=spread
  q edge50 56.629625ms mode=spread
  q edge51 71.981542ms mode=spread
  q edge52 64.839083ms mode=spread
  q edge53 56.688834ms mode=spread
  q edge54 72.072833ms mode=spread
  q edge55 64.629167ms mode=spread
  q edge56 65.093042ms mode=spread
  q edge57 44.892208ms mode=spread
  q edge58 53.394667ms mode=spread
  q edge59 48.067208ms mode=spread
  q edge60 66.46975ms mode=spread
  q edge61 70.427709ms mode=spread
  q edge62 63.317458ms mode=spread
  q edge63 73.62575ms mode=spread
  q edge64 67.052042ms mode=spread
  q edge65 60.372209ms mode=spread
  q edge67 53.070166ms mode=spread
  q edge68 64.964416ms mode=spread
  q edge69 67.290833ms mode=spread
  q edge70 70.573625ms mode=spread
  q edge71 64.116625ms mode=spread
  q edge72 64.968917ms mode=spread
  q edge73 62.221042ms mode=spread
  q edge74 66.935959ms mode=spread
  q edge75 61.975875ms mode=spread
  q edge76 68.269333ms mode=spread
  q edge77 63.628541ms mode=spread
  q edge78 65.174667ms mode=spread
  q edge79 65.557583ms mode=spread
  q edge80 73.486667ms mode=spread
  q edge81 71.961292ms mode=spread
  q edge82 64.489709ms mode=spread
  q edge83 63.0125ms mode=spread
  q edge84 62.357083ms mode=spread
  q edge85 64.904792ms mode=spread
  q edge86 65.668333ms mode=spread
  q edge87 56.240875ms mode=spread
  q edge88 57.565583ms mode=spread
  q edge89 62.126917ms mode=spread
  q edge90 51.068542ms mode=spread
  q edge91 63.363084ms mode=spread
  q edge92 57.30925ms mode=spread
  q edge93 57.486ms mode=spread
  q edge94 44.542ms mode=spread
  q edge95 47.74675ms mode=spread
  q edge96 57.693667ms mode=spread
  q edge97 51.954125ms mode=spread
  q edge98 59.471792ms mode=spread
  q edge99 57.485708ms mode=spread
  q edge100 47.70525ms mode=spread
  q edge101 55.741292ms mode=spread
  q edge102 61.9735ms mode=spread
  q edge103 61.630541ms mode=spread
  q edge104 55.008625ms mode=spread
  q edge105 56.940458ms mode=spread
  q edge106 62.89575ms mode=spread
  q edge107 59.717917ms mode=spread
  q edge109 46.383083ms mode=spread
  q edge110 65.105834ms mode=spread
  q edge111 63.686875ms mode=spread
  q edge112 53.837125ms mode=spread
  q edge113 53.790375ms mode=spread
  q edge114 49.310125ms mode=spread
  q edge115 50.941167ms mode=spread
  q edge116 65.701958ms mode=spread
  q edge117 51.31925ms mode=spread
  q edge118 50.007584ms mode=spread
  q edge119 49.397375ms mode=spread
  q edge120 34.219875ms mode=spread
  q edge121 21.425666ms mode=spread
  q edge122 54.572958ms mode=spread
  q edge123 38.466375ms mode=spread
  q edge124 51.101708ms mode=spread
  q edge125 32.073458ms mode=spread
  q edge126 57.905042ms mode=spread
  q edge127 45.967041ms mode=spread
  q edge128 54.650208ms mode=spread
  q edge129 59.505917ms mode=spread
  q edge130 60.420458ms mode=spread
  q edge131 67.298167ms mode=spread
  q edge132 37.921ms mode=spread
  q edge133 32.89425ms mode=spread
  q edge134 35.385042ms mode=spread
  q edge135 20.98225ms mode=spread
  q edge136 10.722458ms mode=spread
  q edge137 29.090375ms mode=spread
  q edge138 51.238708ms mode=spread
  q edge139 54.667208ms mode=spread
  q edge140 49.131834ms mode=spread
  q edge141 46.28425ms mode=spread
  q edge142 51.8125ms mode=spread
  q edge143 55.423041ms mode=spread
  q edge144 58.451917ms mode=spread
  q edge145 53.053542ms mode=spread
  q edge146 157.665875ms mode=spread
  q edge147 58.12875ms mode=spread
  q edge148 55.100542ms mode=spread
  q edge149 64.400834ms mode=spread
  q edge150 64.086584ms mode=spread
  q edge151 69.611167ms mode=spread
  q edge152 68.342333ms mode=spread
  q edge153 42.669833ms mode=spread
  q edge154 40.634459ms mode=spread
  q edge155 62.371417ms mode=spread
  q edge156 43.450417ms mode=spread
  q edge157 60.660292ms mode=spread
  q edge158 49.796084ms mode=spread
  q edge159 57.771209ms mode=spread
  q edge160 58.955917ms mode=spread
  q edge161 56.936209ms mode=spread
  q edge162 62.454459ms mode=spread
  q edge163 50.828667ms mode=spread
  q edge164 65.704875ms mode=spread
  q edge165 63.311375ms mode=spread
  q edge166 49.631292ms mode=spread
  q edge167 53.100666ms mode=spread
  q edge168 63.207542ms mode=spread
  q edge169 30.496542ms mode=spread
  q edge170 57.491625ms mode=spread
  q edge171 41.85625ms mode=spread
  q edge172 60.167ms mode=spread
  q edge173 41.223166ms mode=spread
  q edge174 53.432542ms mode=spread
  q edge175 7.907417ms mode=spread
  q edge176 62.312042ms mode=spread
  q edge177 62.81875ms mode=spread
  q edge178 36.005459ms mode=spread
  q edge179 18.803333ms mode=spread
  q edge180 63.164958ms mode=spread
  q edge181 65.519167ms mode=spread
  q edge182 69.218875ms mode=spread
  q edge183 50.1635ms mode=spread
  q edge184 56.744541ms mode=spread
  q edge185 54.77625ms mode=spread
  q edge186 57.350125ms mode=spread
  q edge187 51.880333ms mode=spread
  q edge188 55.88625ms mode=spread
  q edge189 27.198667ms mode=spread
  q edge190 66.537583ms mode=spread
  q edge191 64.152083ms mode=spread
  q edge192 65.835083ms mode=spread
  q edge193 52.890875ms mode=spread
  q edge194 65.823458ms mode=spread
  q edge195 61.6735ms mode=spread
  q edge196 68.005833ms mode=spread
  q edge197 47.550625ms mode=spread
  q edge198 61.754708ms mode=spread
  q edge199 50.497208ms mode=spread
  q edge200 37.801416ms mode=spread
  q edge201 37.075ms mode=spread
  q edge202 45.483084ms mode=spread
  q edge203 19.047416ms mode=spread
  q edge204 59.139584ms mode=spread
  q edge205 56.335375ms mode=spread
  q edge206 39.983792ms mode=spread
  q edge207 52.5075ms mode=spread
  q edge208 48.068084ms mode=spread
  q edge209 36.58625ms mode=spread
  q edge210 62.139833ms mode=spread
  q edge211 46.62925ms mode=spread
  q edge212 63.437583ms mode=spread
  q edge213 59.573583ms mode=spread
  q edge214 59.133916ms mode=spread
  q edge215 48.076958ms mode=spread
  q edge216 57.348875ms mode=spread
  q edge217 55.52525ms mode=spread
  q edge218 50.022042ms mode=spread
  q edge219 65.569875ms mode=spread
  q edge220 65.546834ms mode=spread
  q edge221 35.701209ms mode=spread
  q edge222 59.101709ms mode=spread
  q edge223 57.229042ms mode=spread
  q edge225 52.065ms mode=spread
  q edge226 61.947042ms mode=spread
