self-queries: derived 220 query pairs from causal_edges (0 skipped)
  q edge1 5.351ms mode=spread
  q edge2 3.526625ms mode=spread
  q edge3 2.941209ms mode=spread
  q edge4 4.536333ms mode=spread
  q edge5 3.656125ms mode=spread
  q edge6 3.202959ms mode=spread
  q edge7 3.15425ms mode=spread
  q edge8 2.776583ms mode=spread
  q edge9 2.930334ms mode=spread
  q edge10 3.404041ms mode=spread
  q edge11 3.259167ms mode=spread
  q edge12 3.646583ms mode=spread
  q edge16 4.702792ms mode=spread
  q edge17 3.066792ms mode=spread
  q edge19 4.476916ms mode=spread
  q edge20 3.333709ms mode=spread
  q edge21 3.772375ms mode=spread
  q edge22 3.951917ms mode=spread
  q edge23 3.1645ms mode=spread
  q edge24 3.4355ms mode=spread
  q edge25 3.439625ms mode=spread
  q edge26 3.479291ms mode=spread
  q edge27 3.274541ms mode=spread
  q edge28 3.271125ms mode=spread
  q edge29 3.888333ms mode=spread
  q edge30 3.313625ms mode=spread
  q edge31 3.055833ms mode=spread
  q edge32 3.143209ms mode=spread
  q edge33 2.849916ms mode=spread
  q edge34 3.737917ms mode=spread
  q edge35 3.145458ms mode=spread
  q edge36 3.779792ms mode=spread
  q edge37 3.784166ms mode=spread
  q edge38 3.673083ms mode=spread
  q edge39 3.152167ms mode=spread
  q edge40 2.945875ms mode=spread
  q edge41 3.344834ms mode=spread
  q edge42 2.543584ms mode=spread
  q edge43 3.276667ms mode=spread
  q edge44 3.170625ms mode=spread
  q edge45 3.308292ms mode=spread
  q edge46 3.458584ms mode=spread
  q edge47 3.178ms mode=spread
  q edge48 3.377125ms mode=spread
  q edge49 3.342709ms mode=spread
  q edge50 3.572792ms mode=spread
  q edge51 3.797125ms mode=spread
  q edge52 3.4085ms mode=spread
  q edge53 3.330375ms mode=spread
  q edge54 3.46425ms mode=spread
  q edge55 3.105292ms mode=spread
  q edge56 3.485417ms mode=spread
  q edge57 3.4325ms mode=spread
  q edge58 3.502875ms mode=spread
  q edge59 3.046125ms mode=spread
  q edge60 3.044416ms mode=spread
  q edge61 3.396166ms mode=spread
  q edge62 3.091ms mode=spread
  q edge63 4.166375ms mode=spread
  q edge64 3.490542ms mode=spread
  q edge65 3.023375ms mode=spread
  q edge67 3.593ms mode=spread
  q edge68 3.731167ms mode=spread
  q edge69 3.350875ms mode=spread
  q edge70 3.244709ms mode=spread
  q edge71 3.826584ms mode=spread
  q edge72 3.805708ms mode=spread
  q edge73 4.105334ms mode=spread
  q edge74 3.871375ms mode=spread
  q edge75 3.833791ms mode=spread
  q edge76 3.796ms mode=spread
  q edge77 3.792125ms mode=spread
  q edge78 3.322291ms mode=spread
  q edge79 3.044708ms mode=spread
  q edge80 3.728333ms mode=spread
  q edge81 3.684083ms mode=spread
  q edge82 3.3305ms mode=spread
  q edge83 2.727459ms mode=spread
  q edge84 2.979958ms mode=spread
  q edge85 2.964917ms mode=spread
  q edge86 3.429875ms mode=spread
  q edge87 3.099959ms mode=spread
  q edge88 3.143416ms mode=spread
  q edge89 2.492709ms mode=spread
  q edge90 3.257125ms mode=spread
  q edge91 3.436375ms mode=spread
  q edge92 3.214292ms mode=spread
  q edge93 2.936083ms mode=spread
  q edge94 3.470834ms mode=spread
  q edge95 2.589834ms mode=spread
  q edge96 3.02125ms mode=spread
  q edge97 3.396916ms mode=spread
  q edge98 3.456875ms mode=spread
  q edge99 3.728917ms mode=spread
  q edge100 3.919666ms mode=spread
  q edge101 3.372625ms mode=spread
  q edge102 3.895208ms mode=spread
  q edge103 3.697584ms mode=spread
  q edge104 2.885917ms mode=spread
  q edge105 3.157375ms mode=spread
  q edge106 2.968625ms mode=spread
  q edge107 3.56925ms mode=spread
  q edge109 2.807ms mode=spread
  q edge110 3.16575ms mode=spread
  q edge111 3.056916ms mode=spread
  q edge112 3.130166ms mode=spread
  q edge113 2.983ms mode=spread
  q edge114 2.53475ms mode=spread
  q edge115 3.1555ms mode=spread
  q edge116 3.142916ms mode=spread
  q edge117 3.161167ms mode=spread
  q edge118 3.252958ms mode=spread
  q edge119 2.846875ms mode=spread
  q edge120 2.726916ms mode=spread
  q edge121 3.0625ms mode=spread
  q edge122 2.744292ms mode=spread
  q edge123 2.668875ms mode=spread
  q edge124 2.751541ms mode=spread
  q edge125 2.955042ms mode=spread
  q edge126 2.426958ms mode=spread
  q edge127 2.528792ms mode=spread
  q edge128 2.714ms mode=spread
  q edge129 2.845666ms mode=spread
  q edge130 2.784875ms mode=spread
  q edge131 2.930375ms mode=spread
  q edge132 2.997541ms mode=spread
  q edge133 2.711459ms mode=spread
  q edge134 2.781417ms mode=spread
  q edge135 2.834958ms mode=spread
  q edge136 2.57875ms mode=spread
  q edge137 3.006959ms mode=spread
  q edge138 2.642375ms mode=spread
  q edge139 2.948791ms mode=spread
  q edge140 3.083542ms mode=spread
  q edge141 3.210125ms mode=spread
  q edge142 3.29025ms mode=spread
  q edge143 2.870333ms mode=spread
  q edge144 2.868709ms mode=spread
  q edge145 2.961291ms mode=spread
  q edge146 3.380458ms mode=spread
  q edge147 3.325417ms mode=spread
  q edge148 3.074125ms mode=spread
  q edge149 3.306333ms mode=spread
  q edge150 2.677375ms mode=spread
  q edge151 2.993084ms mode=spread
  q edge152 2.777708ms mode=spread
  q edge153 3.094625ms mode=spread
  q edge154 3.304084ms mode=spread
  q edge155 2.977583ms mode=spread
  q edge156 2.932083ms mode=spread
  q edge157 3.0975ms mode=spread
  q edge158 3.144959ms mode=spread
  q edge159 2.670208ms mode=spread
  q edge160 3.02775ms mode=spread
  q edge161 2.850625ms mode=spread
  q edge162 2.717292ms mode=spread
  q edge163 2.447833ms mode=spread
  q edge164 2.773334ms mode=spread
  q edge165 2.613375ms mode=spread
  q edge166 2.719416ms mode=spread
  q edge167 3.1655ms mode=spread
  q edge168 3.018167ms mode=spread
  q edge169 2.930375ms mode=spread
  q edge170 3.156917ms mode=spread
  q edge171 2.930458ms mode=spread
  q edge172 2.912875ms mode=spread
  q edge173 5.233958ms mode=spread
  q edge174 4.32425ms mode=spread
  q edge175 3.276209ms mode=spread
  q edge176 3.154916ms mode=spread
  q edge177 3.979ms mode=spread
  q edge178 3.59125ms mode=spread
  q edge179 6.270209ms mode=spread
  q edge180 4.153042ms mode=spread
  q edge181 9.144ms mode=spread
  q edge182 11.763791ms mode=spread
  q edge183 4.571ms mode=spread
  q edge184 3.610625ms mode=spread
  q edge185 3.760917ms mode=spread
  q edge186 5.40275ms mode=spread
  q edge187 8.815708ms mode=spread
  q edge188 8.223208ms mode=spread
  q edge189 4.933459ms mode=spread
  q edge190 7.212542ms mode=spread
  q edge191 4.041542ms mode=spread
  q edge192 3.204084ms mode=spread
  q edge193 10.38125ms mode=spread
  q edge194 5.256417ms mode=spread
  q edge195 5.723542ms mode=spread
  q edge196 3.264666ms mode=spread
  q edge197 3.238083ms mode=spread
  q edge198 4.162542ms mode=spread
  q edge199 3.48275ms mode=spread
  q edge200 3.118375ms mode=spread
  q edge201 3.009875ms mode=spread
  q edge202 2.385334ms mode=spread
  q edge203 3.096208ms mode=spread
  q edge204 3.369334ms mode=spread
  q edge205 3.003167ms mode=spread
  q edge206 2.914459ms mode=spread
  q edge207 2.972583ms mode=spread
  q edge208 2.917083ms mode=spread
  q edge209 3.16575ms mode=spread
  q edge210 3.308583ms mode=spread
  q edge211 2.679083ms mode=spread
  q edge212 2.694833ms mode=spread
  q edge213 2.970375ms mode=spread
  q edge214 3.43225ms mode=spread
  q edge215 3.307042ms mode=spread
  q edge216 3.161875ms mode=spread
  q edge217 3.26325ms mode=spread
  q edge218 3.105417ms mode=spread
  q edge219 3.615083ms mode=spread
  q edge220 3.392041ms mode=spread
  q edge221 3.117708ms mode=spread
  q edge222 2.455875ms mode=spread
  q edge223 3.001458ms mode=spread
  q edge225 2.234042ms mode=spread
  q edge226 3.407167ms mode=spread
  q edge227 3.063833ms mode=spread
no-spread: spreading activation disabled (seed-hits-only)
  q edge1 2.803833ms mode=spread
  q edge2 2.712458ms mode=spread
  q edge3 2.636583ms mode=spread
  q edge4 3.109792ms mode=spread
  q edge5 3.026833ms mode=spread
  q edge6 2.396416ms mode=spread
  q edge7 2.903791ms mode=spread
  q edge8 2.382416ms mode=spread
  q edge9 3.769875ms mode=spread
  q edge10 2.395667ms mode=spread
  q edge11 2.085541ms mode=spread
  q edge12 2.696167ms mode=spread
  q edge16 2.687375ms mode=spread
  q edge17 2.945541ms mode=spread
  q edge19 3.554542ms mode=spread
  q edge20 2.721375ms mode=spread
  q edge21 3.347416ms mode=spread
  q edge22 3.610583ms mode=spread
  q edge23 2.8305ms mode=spread
  q edge24 3.365625ms mode=spread
  q edge25 2.966625ms mode=spread
  q edge26 3.460084ms mode=spread
  q edge27 2.798625ms mode=spread
  q edge28 3.151542ms mode=spread
  q edge29 3.382708ms mode=spread
  q edge30 2.591625ms mode=spread
  q edge31 2.674792ms mode=spread
  q edge32 2.557833ms mode=spread
  q edge33 2.4185ms mode=spread
  q edge34 3.088584ms mode=spread
  q edge35 3.11325ms mode=spread
  q edge36 3.566875ms mode=spread
  q edge37 3.073833ms mode=spread
  q edge38 3.414875ms mode=spread
  q edge39 2.8485ms mode=spread
  q edge40 3.267958ms mode=spread
  q edge41 2.80225ms mode=spread
  q edge42 2.373458ms mode=spread
  q edge43 2.719459ms mode=spread
  q edge44 3.210042ms mode=spread
  q edge45 3.379625ms mode=spread
  q edge46 3.159958ms mode=spread
  q edge47 3.321875ms mode=spread
  q edge48 3.061333ms mode=spread
  q edge49 2.891875ms mode=spread
  q edge50 3.276708ms mode=spread
  q edge51 3.814791ms mode=spread
  q edge52 3.267458ms mode=spread
  q edge53 2.960209ms mode=spread
  q edge54 3.137375ms mode=spread
  q edge55 2.847875ms mode=spread
  q edge56 3.411458ms mode=spread
  q edge57 3.30825ms mode=spread
  q edge58 3.392875ms mode=spread
  q edge59 2.925416ms mode=spread
  q edge60 2.861958ms mode=spread
  q edge61 3.080458ms mode=spread
  q edge62 3.187375ms mode=spread
  q edge63 3.848042ms mode=spread
  q edge64 3.194375ms mode=spread
  q edge65 2.730125ms mode=spread
  q edge67 3.111208ms mode=spread
  q edge68 3.333208ms mode=spread
  q edge69 3.374875ms mode=spread
  q edge70 3.151041ms mode=spread
  q edge71 3.379375ms mode=spread
  q edge72 3.450667ms mode=spread
  q edge73 3.839625ms mode=spread
  q edge74 3.407333ms mode=spread
  q edge75 3.346791ms mode=spread
  q edge76 3.186459ms mode=spread
  q edge77 3.1495ms mode=spread
  q edge78 3.063667ms mode=spread
  q edge79 2.455667ms mode=spread
  q edge80 3.285333ms mode=spread
  q edge81 3.429333ms mode=spread
  q edge82 3.112125ms mode=spread
  q edge83 2.73225ms mode=spread
  q edge84 2.720125ms mode=spread
  q edge85 2.82375ms mode=spread
  q edge86 2.849209ms mode=spread
  q edge87 2.534333ms mode=spread
  q edge88 2.716792ms mode=spread
  q edge89 2.216458ms mode=spread
  q edge90 2.522667ms mode=spread
  q edge91 2.689334ms mode=spread
  q edge92 2.793166ms mode=spread
  q edge93 2.610959ms mode=spread
  q edge94 3.445417ms mode=spread
  q edge95 2.964667ms mode=spread
  q edge96 2.544042ms mode=spread
  q edge97 2.66925ms mode=spread
  q edge98 3.034333ms mode=spread
  q edge99 3.296542ms mode=spread
  q edge100 3.500041ms mode=spread
  q edge101 2.933292ms mode=spread
  q edge102 3.26975ms mode=spread
  q edge103 3.159958ms mode=spread
  q edge104 2.6525ms mode=spread
  q edge105 2.9635ms mode=spread
  q edge106 2.98325ms mode=spread
  q edge107 2.490542ms mode=spread
  q edge109 2.866ms mode=spread
  q edge110 3.059667ms mode=spread
  q edge111 2.864833ms mode=spread
  q edge112 2.756542ms mode=spread
  q edge113 2.572667ms mode=spread
  q edge114 2.311708ms mode=spread
  q edge115 2.781333ms mode=spread
  q edge116 2.954208ms mode=spread
  q edge117 2.928584ms mode=spread
  q edge118 2.935792ms mode=spread
  q edge119 3.079ms mode=spread
  q edge120 2.832333ms mode=spread
  q edge121 3.1195ms mode=spread
  q edge122 2.722042ms mode=spread
  q edge123 2.536209ms mode=spread
  q edge124 2.623917ms mode=spread
  q edge125 3.164875ms mode=spread
  q edge126 2.457208ms mode=spread
  q edge127 2.384083ms mode=spread
  q edge128 2.407542ms mode=spread
  q edge129 2.815375ms mode=spread
  q edge130 2.654667ms mode=spread
  q edge131 3.151166ms mode=spread
  q edge132 2.959708ms mode=spread
  q edge133 2.931ms mode=spread
  q edge134 2.802834ms mode=spread
  q edge135 2.701041ms mode=spread
  q edge136 2.579917ms mode=spread
  q edge137 3.078167ms mode=spread
  q edge138 2.457625ms mode=spread
  q edge139 2.849166ms mode=spread
  q edge140 2.736125ms mode=spread
  q edge141 2.84925ms mode=spread
  q edge142 2.923125ms mode=spread
  q edge143 2.582292ms mode=spread
  q edge144 3.645291ms mode=spread
  q edge145 3.056208ms mode=spread
  q edge146 3.197959ms mode=spread
  q edge147 3.231459ms mode=spread
  q edge148 2.820917ms mode=spread
  q edge149 3.044666ms mode=spread
  q edge150 2.592583ms mode=spread
  q edge151 3.003958ms mode=spread
  q edge152 2.616625ms mode=spread
  q edge153 3.069458ms mode=spread
  q edge154 3.059083ms mode=spread
  q edge155 3.232125ms mode=spread
  q edge156 2.996791ms mode=spread
  q edge157 2.877791ms mode=spread
  q edge158 2.906416ms mode=spread
  q edge159 2.426417ms mode=spread
  q edge160 2.73175ms mode=spread
  q edge161 2.713667ms mode=spread
  q edge162 2.4705ms mode=spread
  q edge163 2.270334ms mode=spread
  q edge164 2.609416ms mode=spread
  q edge165 2.447834ms mode=spread
  q edge166 2.554792ms mode=spread
  q edge167 2.94975ms mode=spread
  q edge168 3.009791ms mode=spread
  q edge169 2.896083ms mode=spread
  q edge170 3.327917ms mode=spread
  q edge171 2.991125ms mode=spread
  q edge172 2.989583ms mode=spread
  q edge173 2.533167ms mode=spread
  q edge174 3.075417ms mode=spread
  q edge175 2.757125ms mode=spread
  q edge176 2.793208ms mode=spread
  q edge177 2.970291ms mode=spread
  q edge178 2.489167ms mode=spread
  q edge179 2.845209ms mode=spread
  q edge180 3.1435ms mode=spread
  q edge181 2.537917ms mode=spread
  q edge182 2.891416ms mode=spread
  q edge183 2.928166ms mode=spread
  q edge184 2.933583ms mode=spread
  q edge185 2.789375ms mode=spread
  q edge186 4.170041ms mode=spread
  q edge187 2.837459ms mode=spread
  q edge188 2.675125ms mode=spread
  q edge189 2.74975ms mode=spread
  q edge190 2.917125ms mode=spread
  q edge191 2.843083ms mode=spread
  q edge192 2.447583ms mode=spread
  q edge193 2.793708ms mode=spread
  q edge194 3.028917ms mode=spread
  q edge195 2.912875ms mode=spread
  q edge196 2.826417ms mode=spread
  q edge197 2.947667ms mode=spread
  q edge198 2.824125ms mode=spread
  q edge199 3.057ms mode=spread
  q edge200 2.818125ms mode=spread
  q edge201 2.603667ms mode=spread
  q edge202 2.247458ms mode=spread
  q edge203 2.726042ms mode=spread
  q edge204 3.07025ms mode=spread
  q edge205 2.762458ms mode=spread
  q edge206 2.690041ms mode=spread
  q edge207 2.89275ms mode=spread
  q edge208 2.870583ms mode=spread
  q edge209 2.873208ms mode=spread
  q edge210 2.95325ms mode=spread
  q edge211 2.659208ms mode=spread
  q edge212 2.557917ms mode=spread
  q edge213 2.917416ms mode=spread
  q edge214 2.96275ms mode=spread
  q edge215 2.903417ms mode=spread
  q edge216 3.103459ms mode=spread
  q edge217 3.019625ms mode=spread
  q edge218 2.905375ms mode=spread
  q edge219 2.7825ms mode=spread
  q edge220 2.968125ms mode=spread
  q edge221 2.76725ms mode=spread
  q edge222 2.19375ms mode=spread
  q edge223 2.861708ms mode=spread
  q edge225 2.152875ms mode=spread
  q edge226 2.667583ms mode=spread
  q edge227 2.819ms mode=spread
no-inhibition: flipped 25 prevented edges
  q edge1 3.1655ms mode=spread
  q edge2 2.970875ms mode=spread
  q edge3 2.528166ms mode=spread
  q edge4 3.107083ms mode=spread
  q edge5 2.910167ms mode=spread
  q edge6 2.254ms mode=spread
  q edge7 2.868875ms mode=spread
  q edge8 2.325917ms mode=spread
  q edge9 2.9065ms mode=spread
  q edge10 2.241083ms mode=spread
  q edge11 2.122958ms mode=spread
  q edge12 2.851542ms mode=spread
  q edge16 2.93875ms mode=spread
  q edge17 2.884209ms mode=spread
  q edge19 3.526208ms mode=spread
  q edge20 2.880042ms mode=spread
  q edge21 3.452708ms mode=spread
  q edge22 3.775667ms mode=spread
  q edge23 3.00425ms mode=spread
  q edge24 3.211625ms mode=spread
  q edge25 3.395958ms mode=spread
  q edge26 3.6535ms mode=spread
  q edge27 3.2155ms mode=spread
  q edge28 3.479875ms mode=spread
  q edge29 3.113292ms mode=spread
  q edge30 2.982625ms mode=spread
  q edge31 3.384125ms mode=spread
  q edge32 3.025625ms mode=spread
  q edge33 2.7175ms mode=spread
  q edge34 3.709917ms mode=spread
  q edge35 3.135792ms mode=spread
  q edge36 3.678583ms mode=spread
  q edge37 3.429959ms mode=spread
  q edge38 3.55625ms mode=spread
  q edge39 3.152166ms mode=spread
  q edge40 3.382834ms mode=spread
  q edge41 2.887833ms mode=spread
  q edge42 2.757291ms mode=spread
  q edge43 2.944667ms mode=spread
  q edge44 3.248ms mode=spread
  q edge45 3.423333ms mode=spread
  q edge46 3.305542ms mode=spread
  q edge47 3.498042ms mode=spread
  q edge48 3.568792ms mode=spread
  q edge49 3.436542ms mode=spread
  q edge50 3.947ms mode=spread
  q edge51 4.233959ms mode=spread
  q edge52 3.660084ms mode=spread
  q edge53 3.3715ms mode=spread
  q edge54 3.384833ms mode=spread
  q edge55 3.105333ms mode=spread
  q edge56 3.397667ms mode=spread
  q edge57 3.435291ms mode=spread
  q edge58 3.79925ms mode=spread
  q edge59 3.016042ms mode=spread
  q edge60 3.128209ms mode=spread
  q edge61 3.142458ms mode=spread
  q edge62 3.16325ms mode=spread
  q edge63 3.592583ms mode=spread
  q edge64 3.540542ms mode=spread
  q edge65 3.174042ms mode=spread
  q edge67 3.550125ms mode=spread
  q edge68 3.559042ms mode=spread
  q edge69 3.719917ms mode=spread
  q edge70 3.467125ms mode=spread
  q edge71 3.994708ms mode=spread
  q edge72 6.72925ms mode=spread
  q edge73 4.125541ms mode=spread
  q edge74 3.755125ms mode=spread
  q edge75 3.832542ms mode=spread
  q edge76 3.635959ms mode=spread
  q edge77 3.58325ms mode=spread
  q edge78 4.838625ms mode=spread
  q edge79 2.771417ms mode=spread
  q edge80 3.561125ms mode=spread
  q edge81 3.413583ms mode=spread
  q edge82 3.159167ms mode=spread
  q edge83 2.576959ms mode=spread
  q edge84 2.711167ms mode=spread
  q edge85 2.697792ms mode=spread
  q edge86 2.870292ms mode=spread
  q edge87 2.701292ms mode=spread
  q edge88 2.741416ms mode=spread
  q edge89 2.141542ms mode=spread
  q edge90 2.556708ms mode=spread
  q edge91 2.703875ms mode=spread
  q edge92 2.718666ms mode=spread
  q edge93 2.8875ms mode=spread
  q edge94 3.487333ms mode=spread
  q edge95 2.630959ms mode=spread
  q edge96 2.899209ms mode=spread
  q edge97 3.109625ms mode=spread
  q edge98 3.242208ms mode=spread
  q edge99 3.398792ms mode=spread
  q edge100 3.717625ms mode=spread
  q edge101 3.235708ms mode=spread
  q edge102 3.630709ms mode=spread
  q edge103 3.478583ms mode=spread
  q edge104 2.741458ms mode=spread
  q edge105 3.087541ms mode=spread
  q edge106 3.927917ms mode=spread
  q edge107 2.327958ms mode=spread
  q edge109 3.028916ms mode=spread
  q edge110 3.25075ms mode=spread
  q edge111 3.161625ms mode=spread
  q edge112 3.087792ms mode=spread
  q edge113 2.838666ms mode=spread
  q edge114 2.417292ms mode=spread
  q edge115 3.26325ms mode=spread
  q edge116 3.224458ms mode=spread
  q edge117 3.104208ms mode=spread
  q edge118 2.947167ms mode=spread
  q edge119 2.677292ms mode=spread
  q edge120 2.789791ms mode=spread
  q edge121 3.147ms mode=spread
  q edge122 2.744333ms mode=spread
  q edge123 2.559458ms mode=spread
  q edge124 2.677875ms mode=spread
  q edge125 2.92375ms mode=spread
  q edge126 2.360292ms mode=spread
  q edge127 2.477667ms mode=spread
  q edge128 2.566125ms mode=spread
  q edge129 2.891375ms mode=spread
  q edge130 2.804375ms mode=spread
  q edge131 2.907917ms mode=spread
  q edge132 3.127084ms mode=spread
  q edge133 2.7295ms mode=spread
  q edge134 2.723542ms mode=spread
  q edge135 2.764ms mode=spread
  q edge136 2.6615ms mode=spread
  q edge137 2.972333ms mode=spread
  q edge138 2.61ms mode=spread
  q edge139 2.954334ms mode=spread
  q edge140 3.016917ms mode=spread
  q edge141 3.388792ms mode=spread
  q edge142 3.222958ms mode=spread
  q edge143 2.849834ms mode=spread
  q edge144 2.969166ms mode=spread
  q edge145 3.0585ms mode=spread
  q edge146 3.45575ms mode=spread
  q edge147 3.354709ms mode=spread
  q edge148 2.885625ms mode=spread
  q edge149 3.182583ms mode=spread
  q edge150 2.569375ms mode=spread
  q edge151 2.98175ms mode=spread
  q edge152 2.856375ms mode=spread
  q edge153 3.180417ms mode=spread
  q edge154 2.983709ms mode=spread
  q edge155 2.858833ms mode=spread
  q edge156 2.857041ms mode=spread
  q edge157 3.506625ms mode=spread
  q edge158 3.543166ms mode=spread
  q edge159 2.557084ms mode=spread
  q edge160 3.081542ms mode=spread
  q edge161 2.943042ms mode=spread
  q edge162 2.845083ms mode=spread
  q edge163 2.60525ms mode=spread
  q edge164 2.949041ms mode=spread
  q edge165 2.769042ms mode=spread
  q edge166 2.889708ms mode=spread
  q edge167 3.24425ms mode=spread
  q edge168 3.017125ms mode=spread
  q edge169 2.976541ms mode=spread
  q edge170 3.123667ms mode=spread
  q edge171 2.990958ms mode=spread
  q edge172 2.830459ms mode=spread
  q edge173 2.556125ms mode=spread
  q edge174 2.838042ms mode=spread
  q edge175 2.853458ms mode=spread
  q edge176 3.133542ms mode=spread
  q edge177 3.522041ms mode=spread
  q edge178 2.605583ms mode=spread
  q edge179 2.8225ms mode=spread
  q edge180 2.941375ms mode=spread
  q edge181 2.816708ms mode=spread
  q edge182 3.02525ms mode=spread
  q edge183 2.78375ms mode=spread
  q edge184 2.954709ms mode=spread
  q edge185 2.799416ms mode=spread
  q edge186 2.851167ms mode=spread
  q edge187 2.908666ms mode=spread
  q edge188 2.833584ms mode=spread
  q edge189 2.742208ms mode=spread
  q edge190 2.968042ms mode=spread
  q edge191 2.959958ms mode=spread
  q edge192 2.645583ms mode=spread
  q edge193 2.644292ms mode=spread
  q edge194 2.985917ms mode=spread
  q edge195 3.012375ms mode=spread
  q edge196 4.197792ms mode=spread
  q edge197 3.132083ms mode=spread
  q edge198 2.911875ms mode=spread
  q edge199 3.122541ms mode=spread
  q edge200 2.880625ms mode=spread
  q edge201 2.931875ms mode=spread
  q edge202 2.368ms mode=spread
  q edge203 3.188083ms mode=spread
  q edge204 3.072ms mode=spread
  q edge205 2.693292ms mode=spread
  q edge206 2.621791ms mode=spread
  q edge207 2.894167ms mode=spread
  q edge208 2.816459ms mode=spread
  q edge209 2.869917ms mode=spread
  q edge210 2.912333ms mode=spread
  q edge211 2.537208ms mode=spread
  q edge212 2.707833ms mode=spread
  q edge213 2.92225ms mode=spread
  q edge214 3.139417ms mode=spread
  q edge215 3.168208ms mode=spread
  q edge216 3.301958ms mode=spread
  q edge217 3.16225ms mode=spread
  q edge218 2.950834ms mode=spread
  q edge219 3.017959ms mode=spread
  q edge220 3.187833ms mode=spread
  q edge221 3.062083ms mode=spread
  q edge222 2.330917ms mode=spread
  q edge223 3.09925ms mode=spread
  q edge225 2.357209ms mode=spread
  q edge226 2.971625ms mode=spread
  q edge227 3.108042ms mode=spread
no-swr: flattened 435 chunk q-values
  q edge1 3.46775ms mode=spread
  q edge2 3.08325ms mode=spread
  q edge3 2.860083ms mode=spread
  q edge4 3.466542ms mode=spread
  q edge5 7.455416ms mode=spread
  q edge6 2.41025ms mode=spread
  q edge7 3.036333ms mode=spread
  q edge8 2.435125ms mode=spread
  q edge9 3.064834ms mode=spread
  q edge10 2.372625ms mode=spread
  q edge11 2.344375ms mode=spread
  q edge12 2.992208ms mode=spread
  q edge16 3.094667ms mode=spread
  q edge17 3.169375ms mode=spread
  q edge19 3.753709ms mode=spread
  q edge20 3.215916ms mode=spread
  q edge21 3.848833ms mode=spread
  q edge22 3.931167ms mode=spread
  q edge23 2.939792ms mode=spread
  q edge24 3.159834ms mode=spread
  q edge25 3.297208ms mode=spread
  q edge26 3.418667ms mode=spread
  q edge27 3.086167ms mode=spread
  q edge28 3.456083ms mode=spread
  q edge29 3.004792ms mode=spread
  q edge30 3.04275ms mode=spread
  q edge31 4.662459ms mode=spread
  q edge32 3.18375ms mode=spread
  q edge33 2.724709ms mode=spread
  q edge34 3.3505ms mode=spread
  q edge35 3.117041ms mode=spread
  q edge36 3.747084ms mode=spread
  q edge37 3.679125ms mode=spread
  q edge38 3.784583ms mode=spread
  q edge39 3.202792ms mode=spread
  q edge40 3.070041ms mode=spread
  q edge41 2.752959ms mode=spread
  q edge42 2.453416ms mode=spread
  q edge43 2.901792ms mode=spread
  q edge44 3.317958ms mode=spread
  q edge45 3.5885ms mode=spread
  q edge46 3.493459ms mode=spread
  q edge47 3.637208ms mode=spread
  q edge48 3.811125ms mode=spread
  q edge49 3.381667ms mode=spread
  q edge50 3.853208ms mode=spread
  q edge51 4.3085ms mode=spread
  q edge52 3.666709ms mode=spread
  q edge53 3.68125ms mode=spread
  q edge54 3.657042ms mode=spread
  q edge55 3.23175ms mode=spread
  q edge56 3.602583ms mode=spread
  q edge57 3.618833ms mode=spread
  q edge58 3.667875ms mode=spread
  q edge59 3.172792ms mode=spread
  q edge60 3.090584ms mode=spread
  q edge61 3.109458ms mode=spread
  q edge62 3.245959ms mode=spread
  q edge63 3.452958ms mode=spread
  q edge64 3.53075ms mode=spread
  q edge65 3.069042ms mode=spread
  q edge67 3.607958ms mode=spread
  q edge68 3.570292ms mode=spread
  q edge69 3.452334ms mode=spread
  q edge70 3.304792ms mode=spread
  q edge71 3.819917ms mode=spread
  q edge72 3.85ms mode=spread
  q edge73 3.918ms mode=spread
  q edge74 3.556584ms mode=spread
  q edge75 3.813625ms mode=spread
  q edge76 3.628542ms mode=spread
  q edge77 3.470833ms mode=spread
  q edge78 3.123166ms mode=spread
  q edge79 2.999833ms mode=spread
  q edge80 3.800209ms mode=spread
  q edge81 3.736583ms mode=spread
  q edge82 3.3395ms mode=spread
  q edge83 2.794334ms mode=spread
  q edge84 3.192583ms mode=spread
  q edge85 3.122667ms mode=spread
  q edge86 3.255334ms mode=spread
  q edge87 3.222125ms mode=spread
  q edge88 3.228792ms mode=spread
  q edge89 2.406083ms mode=spread
  q edge90 2.934583ms mode=spread
  q edge91 3.113791ms mode=spread
  q edge92 3.012167ms mode=spread
  q edge93 2.919417ms mode=spread
  q edge94 3.603333ms mode=spread
  q edge95 2.745666ms mode=spread
  q edge96 3.029875ms mode=spread
  q edge97 3.288709ms mode=spread
  q edge98 3.514875ms mode=spread
  q edge99 3.561292ms mode=spread
  q edge100 3.773625ms mode=spread
  q edge101 3.268125ms mode=spread
  q edge102 3.605709ms mode=spread
  q edge103 3.796166ms mode=spread
  q edge104 2.763167ms mode=spread
  q edge105 3.094542ms mode=spread
  q edge106 3.023ms mode=spread
  q edge107 3.620208ms mode=spread
  q edge109 3.564791ms mode=spread
  q edge110 3.145292ms mode=spread
  q edge111 3.222417ms mode=spread
  q edge112 2.909625ms mode=spread
  q edge113 2.912792ms mode=spread
  q edge114 3.001042ms mode=spread
  q edge115 3.1855ms mode=spread
  q edge116 3.251875ms mode=spread
  q edge117 3.016708ms mode=spread
  q edge118 3.095541ms mode=spread
  q edge119 3.041833ms mode=spread
  q edge120 2.838791ms mode=spread
  q edge121 3.1865ms mode=spread
  q edge122 2.799833ms mode=spread
  q edge123 2.682625ms mode=spread
  q edge124 2.863666ms mode=spread
  q edge125 2.960375ms mode=spread
  q edge126 2.395125ms mode=spread
  q edge127 2.410542ms mode=spread
  q edge128 2.654584ms mode=spread
  q edge129 3.088208ms mode=spread
  q edge130 2.945292ms mode=spread
  q edge131 3.024834ms mode=spread
  q edge132 3.1395ms mode=spread
  q edge133 4.09825ms mode=spread
  q edge134 2.884459ms mode=spread
  q edge135 3.003541ms mode=spread
  q edge136 2.687334ms mode=spread
  q edge137 2.951666ms mode=spread
  q edge138 2.633833ms mode=spread
  q edge139 3.062084ms mode=spread
  q edge140 3.078834ms mode=spread
  q edge141 3.337709ms mode=spread
  q edge142 3.352834ms mode=spread
  q edge143 2.866084ms mode=spread
  q edge144 2.87425ms mode=spread
  q edge145 2.891542ms mode=spread
  q edge146 3.265583ms mode=spread
  q edge147 3.397042ms mode=spread
  q edge148 3.052458ms mode=spread
  q edge149 3.330166ms mode=spread
  q edge150 2.685583ms mode=spread
  q edge151 3.070291ms mode=spread
  q edge152 2.8835ms mode=spread
  q edge153 3.215291ms mode=spread
  q edge154 3.181334ms mode=spread
  q edge155 3.076625ms mode=spread
  q edge156 2.868125ms mode=spread
  q edge157 3.1695ms mode=spread
  q edge158 3.261084ms mode=spread
  q edge159 2.618875ms mode=spread
  q edge160 3.035375ms mode=spread
  q edge161 2.781708ms mode=spread
  q edge162 2.848417ms mode=spread
  q edge163 2.574416ms mode=spread
  q edge164 2.8265ms mode=spread
  q edge165 2.777834ms mode=spread
  q edge166 2.885417ms mode=spread
  q edge167 3.228375ms mode=spread
  q edge168 3.143584ms mode=spread
  q edge169 2.912125ms mode=spread
  q edge170 3.321833ms mode=spread
  q edge171 2.897291ms mode=spread
  q edge172 2.956334ms mode=spread
  q edge173 2.547791ms mode=spread
  q edge174 3.00075ms mode=spread
  q edge175 2.974291ms mode=spread
  q edge176 3.249666ms mode=spread
  q edge177 3.404875ms mode=spread
  q edge178 2.613042ms mode=spread
  q edge179 2.969792ms mode=spread
  q edge180 3.144792ms mode=spread
  q edge181 2.786541ms mode=spread
  q edge182 3.188125ms mode=spread
  q edge183 2.84325ms mode=spread
  q edge184 3.123125ms mode=spread
  q edge185 3.001792ms mode=spread
  q edge186 3.034417ms mode=spread
  q edge187 3.577042ms mode=spread
  q edge188 2.919375ms mode=spread
  q edge189 2.89375ms mode=spread
  q edge190 3.345958ms mode=spread
  q edge191 3.457709ms mode=spread
  q edge192 2.849042ms mode=spread
  q edge193 2.968167ms mode=spread
  q edge194 3.164541ms mode=spread
  q edge195 3.275291ms mode=spread
  q edge196 3.228375ms mode=spread
  q edge197 3.113459ms mode=spread
  q edge198 2.848875ms mode=spread
  q edge199 3.971959ms mode=spread
  q edge200 3.0745ms mode=spread
  q edge201 3.096792ms mode=spread
  q edge202 2.513167ms mode=spread
  q edge203 3.134208ms mode=spread
  q edge204 3.169708ms mode=spread
  q edge205 2.921625ms mode=spread
  q edge206 2.799625ms mode=spread
  q edge207 3.152166ms mode=spread
  q edge208 3.029834ms mode=spread
  q edge209 3.122833ms mode=spread
  q edge210 3.1745ms mode=spread
  q edge211 2.895583ms mode=spread
  q edge212 2.889375ms mode=spread
  q edge213 3.091416ms mode=spread
  q edge214 3.185333ms mode=spread
  q edge215 3.209208ms mode=spread
  q edge216 3.317584ms mode=spread
  q edge217 3.438667ms mode=spread
  q edge218 3.283959ms mode=spread
  q edge219 3.088417ms mode=spread
  q edge220 3.253375ms mode=spread
  q edge221 3.194834ms mode=spread
  q edge222 2.531167ms mode=spread
  q edge223 3.06725ms mode=spread
  q edge225 2.393958ms mode=spread
  q edge226 2.950208ms mode=spread
  q edge227 3.069458ms mode=spread
