self-queries: derived 219 query pairs from causal_edges
  q edge1 69.62175ms mode=spread
  q edge2 55.318208ms mode=spread
  q edge3 50.679458ms mode=spread
  q edge4 57.58075ms mode=spread
  q edge5 68.512833ms mode=spread
  q edge6 58.771084ms mode=spread
  q edge7 58.878041ms mode=spread
  q edge8 63.105959ms mode=spread
  q edge9 61.405583ms mode=spread
  q edge10 69.876541ms mode=spread
  q edge11 53.999625ms mode=spread
  q edge12 61.218291ms mode=spread
  q edge16 65.691292ms mode=spread
  q edge17 63.192ms mode=spread
  q edge19 59.51975ms mode=spread
  q edge20 52.00125ms mode=spread
  q edge21 73.41875ms mode=spread
  q edge22 58.402083ms mode=spread
  q edge23 58.455167ms mode=spread
  q edge24 66.336333ms mode=spread
  q edge25 55.924458ms mode=spread
  q edge26 44.113916ms mode=spread
  q edge27 64.59425ms mode=spread
  q edge28 64.978875ms mode=spread
  q edge29 52.692666ms mode=spread
  q edge30 58.7795ms mode=spread
  q edge31 48.921209ms mode=spread
  q edge32 54.75575ms mode=spread
  q edge33 53.087ms mode=spread
  q edge34 49.090333ms mode=spread
  q edge35 53.124667ms mode=spread
  q edge36 53.736792ms mode=spread
  q edge37 62.042708ms mode=spread
  q edge38 58.402541ms mode=spread
  q edge39 55.1015ms mode=spread
  q edge40 56.560791ms mode=spread
  q edge41 53.290542ms mode=spread
  q edge42 55.57225ms mode=spread
  q edge43 56.908041ms mode=spread
  q edge44 53.575375ms mode=spread
  q edge45 54.251625ms mode=spread
  q edge46 58.535792ms mode=spread
  q edge47 48.497875ms mode=spread
  q edge48 97.213125ms mode=spread
  q edge49 54.314042ms mode=spread
  q edge50 55.000583ms mode=spread
  q edge51 61.657917ms mode=spread
  q edge52 55.916375ms mode=spread
  q edge53 56.896875ms mode=spread
  q edge54 58.508041ms mode=spread
  q edge55 56.962875ms mode=spread
  q edge56 59.218666ms mode=spread
  q edge57 44.011583ms mode=spread
  q edge58 48.910542ms mode=spread
  q edge59 43.634958ms mode=spread
  q edge60 59.690166ms mode=spread
  q edge61 59.558125ms mode=spread
  q edge62 57.92775ms mode=spread
  q edge63 62.533875ms mode=spread
  q edge64 57.863875ms mode=spread
  q edge65 52.343916ms mode=spread
  q edge67 50.193125ms mode=spread
  q edge68 57.371084ms mode=spread
  q edge69 57.974916ms mode=spread
  q edge70 63.577459ms mode=spread
  q edge71 58.590334ms mode=spread
  q edge72 57.246584ms mode=spread
  q edge73 81.234ms mode=spread
  q edge74 57.916875ms mode=spread
  q edge75 60.014792ms mode=spread
  q edge76 61.282833ms mode=spread
  q edge77 57.545625ms mode=spread
  q edge78 60.942875ms mode=spread
  q edge79 57.018209ms mode=spread
  q edge80 57.826291ms mode=spread
  q edge81 61.545625ms mode=spread
  q edge82 63.379666ms mode=spread
  q edge83 58.358792ms mode=spread
  q edge84 52.723875ms mode=spread
  q edge85 52.036291ms mode=spread
  q edge86 60.567917ms mode=spread
  q edge87 56.575208ms mode=spread
  q edge88 50.761833ms mode=spread
  q edge89 52.529167ms mode=spread
  q edge90 43.00625ms mode=spread
  q edge91 53.2845ms mode=spread
  q edge92 50.106667ms mode=spread
  q edge93 64.523833ms mode=spread
  q edge94 86.585875ms mode=spread
  q edge95 49.274792ms mode=spread
  q edge96 67.137ms mode=spread
  q edge97 48.650125ms mode=spread
  q edge98 59.788167ms mode=spread
  q edge99 78.862459ms mode=spread
  q edge100 46.329333ms mode=spread
  q edge101 63.616875ms mode=spread
  q edge102 60.612791ms mode=spread
  q edge103 58.44775ms mode=spread
  q edge104 53.410833ms mode=spread
  q edge105 56.005125ms mode=spread
  q edge106 56.418375ms mode=spread
  q edge107 52.253833ms mode=spread
  q edge109 43.046542ms mode=spread
  q edge110 64.211334ms mode=spread
  q edge111 61.900167ms mode=spread
  q edge112 52.163292ms mode=spread
  q edge113 50.57625ms mode=spread
  q edge114 49.332958ms mode=spread
  q edge115 47.542042ms mode=spread
  q edge116 59.242916ms mode=spread
  q edge117 46.796417ms mode=spread
  q edge118 44.436666ms mode=spread
  q edge119 47.2505ms mode=spread
  q edge120 31.4205ms mode=spread
  q edge121 19.812458ms mode=spread
  q edge122 54.870417ms mode=spread
  q edge123 34.734583ms mode=spread
  q edge124 48.885875ms mode=spread
  q edge125 31.288666ms mode=spread
  q edge126 53.441917ms mode=spread
  q edge127 43.582833ms mode=spread
  q edge128 50.901625ms mode=spread
  q edge129 59.838875ms mode=spread
  q edge130 54.663833ms mode=spread
  q edge131 60.528417ms mode=spread
  q edge132 36.913625ms mode=spread
  q edge133 30.583417ms mode=spread
  q edge134 34.5045ms mode=spread
  q edge135 18.377334ms mode=spread
  q edge136 10.270583ms mode=spread
  q edge137 41.522ms mode=spread
  q edge138 54.482792ms mode=spread
  q edge139 51.607208ms mode=spread
  q edge140 48.959042ms mode=spread
  q edge141 48.273666ms mode=spread
  q edge142 56.774041ms mode=spread
  q edge143 63.106542ms mode=spread
  q edge144 56.394542ms mode=spread
  q edge145 59.766792ms mode=spread
  q edge146 61.395084ms mode=spread
  q edge147 62.818667ms mode=spread
  q edge148 50.921625ms mode=spread
  q edge149 63.323916ms mode=spread
  q edge150 55.480208ms mode=spread
  q edge151 59.141542ms mode=spread
  q edge152 57.084708ms mode=spread
  q edge153 34.182708ms mode=spread
  q edge154 34.4555ms mode=spread
  q edge155 56.799625ms mode=spread
  q edge156 37.621458ms mode=spread
  q edge157 49.567083ms mode=spread
  q edge158 39.369666ms mode=spread
  q edge159 48.726625ms mode=spread
  q edge160 51.207333ms mode=spread
  q edge161 51.373292ms mode=spread
  q edge162 56.109625ms mode=spread
  q edge163 49.290417ms mode=spread
  q edge164 63.916375ms mode=spread
  q edge165 57.991667ms mode=spread
  q edge166 44.010375ms mode=spread
  q edge167 52.556708ms mode=spread
  q edge168 57.579125ms mode=spread
  q edge169 29.841625ms mode=spread
  q edge170 54.597417ms mode=spread
  q edge171 37.61675ms mode=spread
  q edge172 51.41125ms mode=spread
  q edge173 39.963667ms mode=spread
  q edge174 49.568666ms mode=spread
  q edge175 6.831209ms mode=spread
  q edge176 58.0125ms mode=spread
  q edge177 59.405667ms mode=spread
  q edge178 38.168666ms mode=spread
  q edge179 21.5635ms mode=spread
  q edge180 54.083375ms mode=spread
  q edge181 60.296375ms mode=spread
  q edge182 58.986333ms mode=spread
  q edge183 47.838208ms mode=spread
  q edge184 47.715291ms mode=spread
  q edge185 51.821541ms mode=spread
  q edge186 51.17075ms mode=spread
  q edge187 51.510417ms mode=spread
  q edge188 48.09775ms mode=spread
  q edge189 27.934041ms mode=spread
  q edge190 58.722583ms mode=spread
  q edge191 56.08175ms mode=spread
  q edge192 60.758875ms mode=spread
  q edge193 48.380458ms mode=spread
  q edge194 67.58225ms mode=spread
  q edge195 55.2175ms mode=spread
  q edge196 60.562708ms mode=spread
  q edge197 39.043792ms mode=spread
  q edge198 57.775083ms mode=spread
  q edge199 44.073459ms mode=spread
  q edge200 32.999625ms mode=spread
  q edge201 35.620792ms mode=spread
  q edge202 43.059792ms mode=spread
  q edge203 24.458166ms mode=spread
  q edge204 60.271792ms mode=spread
  q edge205 52.2625ms mode=spread
  q edge206 35.411041ms mode=spread
  q edge207 46.26925ms mode=spread
  q edge208 46.083125ms mode=spread
  q edge209 36.14675ms mode=spread
  q edge210 59.818ms mode=spread
  q edge211 44.125709ms mode=spread
  q edge212 59.831791ms mode=spread
  q edge213 52.52625ms mode=spread
  q edge214 54.946833ms mode=spread
  q edge215 44.927042ms mode=spread
  q edge216 49.459167ms mode=spread
  q edge217 48.075584ms mode=spread
  q edge218 43.777709ms mode=spread
  q edge219 60.136834ms mode=spread
  q edge220 63.284833ms mode=spread
  q edge221 33.907ms mode=spread
  q edge222 53.651292ms mode=spread
  q edge223 52.205042ms mode=spread
  q edge225 47.609084ms mode=spread
  q edge226 56.040583ms mode=spread
no-spread: spreading activation disabled (seed-hits-only)
  q edge1 3.719875ms mode=spread
  q edge2 2.78ms mode=spread
  q edge3 2.436583ms mode=spread
  q edge4 3.649583ms mode=spread
  q edge5 2.853291ms mode=spread
  q edge6 2.828917ms mode=spread
  q edge7 2.639959ms mode=spread
  q edge8 2.201583ms mode=spread
  q edge9 2.4145ms mode=spread
  q edge10 2.57275ms mode=spread
  q edge11 1.993833ms mode=spread
  q edge12 2.917291ms mode=spread
  q edge16 3.061875ms mode=spread
  q edge17 2.664417ms mode=spread
  q edge19 4.038834ms mode=spread
  q edge20 2.823208ms mode=spread
  q edge21 3.29775ms mode=spread
  q edge22 3.73875ms mode=spread
  q edge23 2.789125ms mode=spread
  q edge24 2.779416ms mode=spread
  q edge25 2.947292ms mode=spread
  q edge26 2.95175ms mode=spread
  q edge27 2.533666ms mode=spread
  q edge28 2.797542ms mode=spread
  q edge29 2.686375ms mode=spread
  q edge30 2.419542ms mode=spread
  q edge31 2.565708ms mode=spread
  q edge32 2.873625ms mode=spread
  q edge33 2.335375ms mode=spread
  q edge34 2.871709ms mode=spread
  q edge35 2.486208ms mode=spread
  q edge36 3.215458ms mode=spread
  q edge37 3.001208ms mode=spread
  q edge38 3.162958ms mode=spread
  q edge39 2.798708ms mode=spread
  q edge40 2.667459ms mode=spread
  q edge41 2.495875ms mode=spread
  q edge42 2.252125ms mode=spread
  q edge43 2.678708ms mode=spread
  q edge44 3.163667ms mode=spread
  q edge45 3.220667ms mode=spread
  q edge46 2.798458ms mode=spread
  q edge47 2.927125ms mode=spread
  q edge48 2.874958ms mode=spread
  q edge49 2.855416ms mode=spread
  q edge50 3.525209ms mode=spread
  q edge51 3.733042ms mode=spread
  q edge52 4.534375ms mode=spread
  q edge53 2.823917ms mode=spread
  q edge54 3.251083ms mode=spread
  q edge55 3.236375ms mode=spread
  q edge56 3.203292ms mode=spread
  q edge57 3.143ms mode=spread
  q edge58 3.609666ms mode=spread
  q edge59 2.558292ms mode=spread
  q edge60 2.858667ms mode=spread
  q edge61 2.786708ms mode=spread
  q edge62 2.780167ms mode=spread
  q edge63 4.903292ms mode=spread
  q edge64 3.327166ms mode=spread
  q edge65 2.510667ms mode=spread
  q edge67 3.117291ms mode=spread
  q edge68 3.287875ms mode=spread
  q edge69 3.03175ms mode=spread
  q edge70 3.0585ms mode=spread
  q edge71 3.540209ms mode=spread
  q edge72 3.63925ms mode=spread
  q edge73 3.704458ms mode=spread
  q edge74 4.409416ms mode=spread
  q edge75 3.504083ms mode=spread
  q edge76 3.606667ms mode=spread
  q edge77 3.176458ms mode=spread
  q edge78 2.791167ms mode=spread
  q edge79 3.088542ms mode=spread
  q edge80 10.868292ms mode=spread
  q edge81 11.113458ms mode=spread
  q edge82 12.864292ms mode=spread
  q edge83 4.177584ms mode=spread
  q edge84 2.629917ms mode=spread
  q edge85 2.679042ms mode=spread
  q edge86 2.952917ms mode=spread
  q edge87 2.436916ms mode=spread
  q edge88 2.717125ms mode=spread
  q edge89 2.259959ms mode=spread
  q edge90 2.66ms mode=spread
  q edge91 2.701167ms mode=spread
  q edge92 2.631334ms mode=spread
  q edge93 2.65025ms mode=spread
  q edge94 3.236792ms mode=spread
  q edge95 2.438583ms mode=spread
  q edge96 2.815375ms mode=spread
  q edge97 3.046334ms mode=spread
  q edge98 2.82525ms mode=spread
  q edge99 3.142667ms mode=spread
  q edge100 3.472958ms mode=spread
  q edge101 3.16875ms mode=spread
  q edge102 3.229292ms mode=spread
  q edge103 3.394709ms mode=spread
  q edge104 2.760917ms mode=spread
  q edge105 2.906458ms mode=spread
  q edge106 2.834167ms mode=spread
  q edge107 2.106083ms mode=spread
  q edge109 2.548667ms mode=spread
  q edge110 2.736583ms mode=spread
  q edge111 2.820958ms mode=spread
  q edge112 2.604333ms mode=spread
  q edge113 2.572875ms mode=spread
  q edge114 2.220958ms mode=spread
  q edge115 2.707375ms mode=spread
  q edge116 4.124458ms mode=spread
  q edge117 2.959417ms mode=spread
  q edge118 2.710959ms mode=spread
  q edge119 2.457125ms mode=spread
  q edge120 2.513125ms mode=spread
  q edge121 3.045ms mode=spread
  q edge122 2.68325ms mode=spread
  q edge123 2.386041ms mode=spread
  q edge124 2.824417ms mode=spread
  q edge125 2.599667ms mode=spread
  q edge126 2.047ms mode=spread
  q edge127 2.105542ms mode=spread
  q edge128 2.380875ms mode=spread
  q edge129 2.645333ms mode=spread
  q edge130 2.597458ms mode=spread
  q edge131 2.6035ms mode=spread
  q edge132 2.4775ms mode=spread
  q edge133 2.393416ms mode=spread
  q edge134 2.628667ms mode=spread
  q edge135 2.561167ms mode=spread
  q edge136 2.362375ms mode=spread
  q edge137 2.692625ms mode=spread
  q edge138 2.174292ms mode=spread
  q edge139 4.560375ms mode=spread
  q edge140 14.259583ms mode=spread
  q edge141 5.463542ms mode=spread
  q edge142 2.943792ms mode=spread
  q edge143 2.773ms mode=spread
  q edge144 2.844625ms mode=spread
  q edge145 2.602709ms mode=spread
  q edge146 3.082583ms mode=spread
  q edge147 3.021959ms mode=spread
  q edge148 2.927292ms mode=spread
  q edge149 3.00675ms mode=spread
  q edge150 2.773959ms mode=spread
  q edge151 3.107667ms mode=spread
  q edge152 2.470209ms mode=spread
  q edge153 2.679083ms mode=spread
  q edge154 2.979458ms mode=spread
  q edge155 2.833459ms mode=spread
  q edge156 2.568459ms mode=spread
  q edge157 2.800125ms mode=spread
  q edge158 2.734375ms mode=spread
  q edge159 2.26875ms mode=spread
  q edge160 2.3995ms mode=spread
  q edge161 2.361916ms mode=spread
  q edge162 2.413417ms mode=spread
  q edge163 2.037625ms mode=spread
  q edge164 2.3355ms mode=spread
  q edge165 2.084708ms mode=spread
  q edge166 2.350459ms mode=spread
  q edge167 2.493667ms mode=spread
  q edge168 2.780083ms mode=spread
  q edge169 2.755167ms mode=spread
  q edge170 2.949333ms mode=spread
  q edge171 2.660833ms mode=spread
  q edge172 2.46275ms mode=spread
  q edge173 2.459917ms mode=spread
  q edge174 2.702458ms mode=spread
  q edge175 2.567625ms mode=spread
  q edge176 2.834709ms mode=spread
  q edge177 2.849375ms mode=spread
  q edge178 1.996291ms mode=spread
  q edge179 2.493375ms mode=spread
  q edge180 2.640291ms mode=spread
  q edge181 2.5495ms mode=spread
  q edge182 2.652792ms mode=spread
  q edge183 2.563959ms mode=spread
  q edge184 2.676584ms mode=spread
  q edge185 2.663625ms mode=spread
  q edge186 4.103958ms mode=spread
  q edge187 2.383583ms mode=spread
  q edge188 2.323125ms mode=spread
  q edge189 2.41875ms mode=spread
  q edge190 2.650167ms mode=spread
  q edge191 2.681125ms mode=spread
  q edge192 2.259ms mode=spread
  q edge193 2.426459ms mode=spread
  q edge194 2.567209ms mode=spread
  q edge195 2.593167ms mode=spread
  q edge196 2.618ms mode=spread
  q edge197 2.517625ms mode=spread
  q edge198 2.570958ms mode=spread
  q edge199 2.711125ms mode=spread
  q edge200 2.539792ms mode=spread
  q edge201 2.754166ms mode=spread
  q edge202 2.362875ms mode=spread
  q edge203 2.580625ms mode=spread
  q edge204 2.704375ms mode=spread
  q edge205 2.301292ms mode=spread
  q edge206 2.340958ms mode=spread
  q edge207 2.770958ms mode=spread
  q edge208 2.303542ms mode=spread
  q edge209 2.316084ms mode=spread
  q edge210 2.470875ms mode=spread
  q edge211 2.1275ms mode=spread
  q edge212 2.165917ms mode=spread
  q edge213 2.413541ms mode=spread
  q edge214 2.420792ms mode=spread
  q edge215 2.461959ms mode=spread
  q edge216 2.537291ms mode=spread
  q edge217 2.690167ms mode=spread
  q edge218 2.505541ms mode=spread
  q edge219 2.712625ms mode=spread
  q edge220 2.745208ms mode=spread
  q edge221 2.726125ms mode=spread
  q edge222 1.926625ms mode=spread
  q edge223 2.696875ms mode=spread
  q edge225 1.895625ms mode=spread
  q edge226 2.52725ms mode=spread
no-inhibition: flipped 25 prevented edges
  q edge1 67.379417ms mode=spread
  q edge2 55.383166ms mode=spread
  q edge3 48.202542ms mode=spread
  q edge4 58.945708ms mode=spread
  q edge5 59.115209ms mode=spread
  q edge6 69.946916ms mode=spread
  q edge7 57.489667ms mode=spread
  q edge8 60.815125ms mode=spread
  q edge9 62.6885ms mode=spread
  q edge10 75.780208ms mode=spread
  q edge11 52.211041ms mode=spread
  q edge12 56.080208ms mode=spread
  q edge16 60.136667ms mode=spread
  q edge17 60.816042ms mode=spread
  q edge19 57.592458ms mode=spread
  q edge20 54.354125ms mode=spread
  q edge21 72.136833ms mode=spread
  q edge22 51.980334ms mode=spread
  q edge23 52.848708ms mode=spread
  q edge24 64.371ms mode=spread
  q edge25 55.341792ms mode=spread
  q edge26 44.277458ms mode=spread
  q edge27 70.319208ms mode=spread
  q edge28 60.028167ms mode=spread
  q edge29 59.4115ms mode=spread
  q edge30 61.098416ms mode=spread
  q edge31 57.835584ms mode=spread
  q edge32 52.840709ms mode=spread
  q edge33 50.642791ms mode=spread
  q edge34 53.652ms mode=spread
  q edge35 52.693417ms mode=spread
  q edge36 56.358834ms mode=spread
  q edge37 59.473458ms mode=spread
  q edge38 54.4075ms mode=spread
  q edge39 51.408875ms mode=spread
  q edge40 55.966208ms mode=spread
  q edge41 59.021584ms mode=spread
  q edge42 54.163833ms mode=spread
  q edge43 54.700667ms mode=spread
  q edge44 56.590292ms mode=spread
  q edge45 55.785292ms mode=spread
  q edge46 64.473375ms mode=spread
  q edge47 49.663292ms mode=spread
  q edge48 56.604625ms mode=spread
  q edge49 52.51625ms mode=spread
  q edge50 58.923542ms mode=spread
  q edge51 60.293708ms mode=spread
  q edge52 56.488584ms mode=spread
  q edge53 55.655541ms mode=spread
  q edge54 60.681917ms mode=spread
  q edge55 56.246084ms mode=spread
  q edge56 60.154375ms mode=spread
  q edge57 43.346083ms mode=spread
  q edge58 51.798875ms mode=spread
  q edge59 45.796833ms mode=spread
  q edge60 61.012ms mode=spread
  q edge61 57.434875ms mode=spread
  q edge62 56.399417ms mode=spread
  q edge63 62.401666ms mode=spread
  q edge64 61.161833ms mode=spread
  q edge65 57.656958ms mode=spread
  q edge67 49.114459ms mode=spread
  q edge68 64.49625ms mode=spread
  q edge69 62.078041ms mode=spread
  q edge70 60.830375ms mode=spread
  q edge71 56.167334ms mode=spread
  q edge72 57.643417ms mode=spread
  q edge73 54.653208ms mode=spread
  q edge74 62.86925ms mode=spread
  q edge75 57.993416ms mode=spread
  q edge76 56.917042ms mode=spread
  q edge77 57.524334ms mode=spread
  q edge78 58.976416ms mode=spread
  q edge79 58.826542ms mode=spread
  q edge80 61.697667ms mode=spread
  q edge81 60.159375ms mode=spread
  q edge82 56.6735ms mode=spread
  q edge83 55.599375ms mode=spread
  q edge84 50.892333ms mode=spread
  q edge85 55.327541ms mode=spread
  q edge86 59.77825ms mode=spread
  q edge87 56.930167ms mode=spread
  q edge88 53.231ms mode=spread
  q edge89 60.213791ms mode=spread
  q edge90 46.272125ms mode=spread
  q edge91 51.750958ms mode=spread
  q edge92 55.452875ms mode=spread
  q edge93 65.891334ms mode=spread
  q edge94 45.680833ms mode=spread
  q edge95 42.117291ms mode=spread
  q edge96 56.8715ms mode=spread
  q edge97 52.547417ms mode=spread
  q edge98 57.044958ms mode=spread
  q edge99 59.63075ms mode=spread
  q edge100 46.993ms mode=spread
  q edge101 54.623125ms mode=spread
  q edge102 62.82ms mode=spread
  q edge103 54.011666ms mode=spread
  q edge104 50.924083ms mode=spread
  q edge105 55.06175ms mode=spread
  q edge106 60.345875ms mode=spread
  q edge107 54.407584ms mode=spread
  q edge109 43.165417ms mode=spread
  q edge110 59.563542ms mode=spread
  q edge111 52.82725ms mode=spread
  q edge112 52.404958ms mode=spread
  q edge113 51.006291ms mode=spread
  q edge114 51.026ms mode=spread
  q edge115 51.16725ms mode=spread
  q edge116 58.891542ms mode=spread
  q edge117 44.387625ms mode=spread
  q edge118 49.528375ms mode=spread
  q edge119 46.027334ms mode=spread
  q edge120 31.2685ms mode=spread
  q edge121 20.281958ms mode=spread
  q edge122 60.279458ms mode=spread
  q edge123 33.930583ms mode=spread
  q edge124 48.368625ms mode=spread
  q edge125 31.382ms mode=spread
  q edge126 53.123584ms mode=spread
  q edge127 43.169584ms mode=spread
  q edge128 52.520292ms mode=spread
  q edge129 53.380333ms mode=spread
  q edge130 50.88375ms mode=spread
  q edge131 55.213166ms mode=spread
  q edge132 33.120167ms mode=spread
  q edge133 28.102375ms mode=spread
  q edge134 30.576125ms mode=spread
  q edge135 19.705666ms mode=spread
  q edge136 12.836625ms mode=spread
  q edge137 32.534ms mode=spread
  q edge138 51.5235ms mode=spread
  q edge139 55.583834ms mode=spread
  q edge140 49.584417ms mode=spread
  q edge141 54.421375ms mode=spread
  q edge142 51.265208ms mode=spread
  q edge143 51.401458ms mode=spread
  q edge144 56.614959ms mode=spread
  q edge145 53.1655ms mode=spread
  q edge146 61.078875ms mode=spread
  q edge147 57.766792ms mode=spread
  q edge148 51.770667ms mode=spread
  q edge149 61.974292ms mode=spread
  q edge150 55.476625ms mode=spread
  q edge151 59.002ms mode=spread
  q edge152 58.904458ms mode=spread
  q edge153 34.877167ms mode=spread
  q edge154 37.373375ms mode=spread
  q edge155 56.619584ms mode=spread
  q edge156 37.256375ms mode=spread
  q edge157 49.185459ms mode=spread
  q edge158 39.474542ms mode=spread
  q edge159 47.576583ms mode=spread
  q edge160 52.188959ms mode=spread
  q edge161 48.836083ms mode=spread
  q edge162 51.321375ms mode=spread
  q edge163 44.264792ms mode=spread
  q edge164 60.422291ms mode=spread
  q edge165 53.852333ms mode=spread
  q edge166 39.411333ms mode=spread
  q edge167 48.110791ms mode=spread
  q edge168 51.584708ms mode=spread
  q edge169 26.898417ms mode=spread
  q edge170 56.546334ms mode=spread
  q edge171 33.598708ms mode=spread
  q edge172 45.650791ms mode=spread
  q edge173 35.602042ms mode=spread
  q edge174 47.036417ms mode=spread
  q edge175 6.357ms mode=spread
  q edge176 53.285291ms mode=spread
  q edge177 51.992167ms mode=spread
  q edge178 35.482875ms mode=spread
  q edge179 21.134833ms mode=spread
  q edge180 60.845416ms mode=spread
  q edge181 56.383791ms mode=spread
  q edge182 58.009792ms mode=spread
  q edge183 45.959375ms mode=spread
  q edge184 49.759167ms mode=spread
  q edge185 49.951292ms mode=spread
  q edge186 49.556166ms mode=spread
  q edge187 48.917708ms mode=spread
  q edge188 47.513208ms mode=spread
  q edge189 28.97975ms mode=spread
  q edge190 58.6405ms mode=spread
  q edge191 57.395708ms mode=spread
  q edge192 55.046791ms mode=spread
  q edge193 53.313584ms mode=spread
  q edge194 58.695833ms mode=spread
  q edge195 54.414917ms mode=spread
  q edge196 59.668666ms mode=spread
  q edge197 39.393916ms mode=spread
  q edge198 52.299208ms mode=spread
  q edge199 44.267792ms mode=spread
  q edge200 33.565958ms mode=spread
  q edge201 31.2205ms mode=spread
  q edge202 39.813167ms mode=spread
  q edge203 21.615542ms mode=spread
  q edge204 56.996458ms mode=spread
  q edge205 46.137458ms mode=spread
  q edge206 33.971583ms mode=spread
  q edge207 43.553209ms mode=spread
  q edge208 43.382583ms mode=spread
  q edge209 37.567125ms mode=spread
  q edge210 56.106667ms mode=spread
  q edge211 40.388334ms mode=spread
  q edge212 55.01625ms mode=spread
  q edge213 52.08575ms mode=spread
  q edge214 52.776792ms mode=spread
  q edge215 47.438292ms mode=spread
  q edge216 49.614833ms mode=spread
  q edge217 47.757959ms mode=spread
  q edge218 43.047042ms mode=spread
  q edge219 56.748917ms mode=spread
  q edge220 53.38775ms mode=spread
  q edge221 33.769542ms mode=spread
  q edge222 59.599542ms mode=spread
  q edge223 51.817583ms mode=spread
  q edge225 42.772959ms mode=spread
  q edge226 59.408333ms mode=spread
no-swr: flattened 433 chunk q-values
  q edge1 57.38625ms mode=spread
  q edge2 59.04325ms mode=spread
  q edge3 49.247417ms mode=spread
  q edge4 59.413666ms mode=spread
  q edge5 59.703833ms mode=spread
  q edge6 59.348583ms mode=spread
  q edge7 57.017458ms mode=spread
  q edge8 68.3725ms mode=spread
  q edge9 57.168583ms mode=spread
  q edge10 60.845583ms mode=spread
  q edge11 56.07275ms mode=spread
  q edge12 59.569208ms mode=spread
  q edge16 62.408209ms mode=spread
  q edge17 63.903667ms mode=spread
  q edge19 56.455167ms mode=spread
  q edge20 51.523542ms mode=spread
  q edge21 64.945958ms mode=spread
  q edge22 56.007833ms mode=spread
  q edge23 55.684625ms mode=spread
  q edge24 60.767042ms mode=spread
  q edge25 55.442083ms mode=spread
  q edge26 43.452208ms mode=spread
  q edge27 61.35875ms mode=spread
  q edge28 57.711041ms mode=spread
  q edge29 47.1875ms mode=spread
  q edge30 59.236583ms mode=spread
  q edge31 50.578833ms mode=spread
  q edge32 61.414667ms mode=spread
  q edge33 58.235375ms mode=spread
  q edge34 47.614959ms mode=spread
  q edge35 51.510958ms mode=spread
  q edge36 66.775666ms mode=spread
  q edge37 61.154083ms mode=spread
  q edge38 54.912208ms mode=spread
  q edge39 51.987041ms mode=spread
  q edge40 53.204666ms mode=spread
  q edge41 57.720375ms mode=spread
  q edge42 52.101916ms mode=spread
  q edge43 52.382667ms mode=spread
  q edge44 51.896875ms mode=spread
  q edge45 55.857958ms mode=spread
  q edge46 56.918125ms mode=spread
  q edge47 49.721833ms mode=spread
  q edge48 56.578292ms mode=spread
  q edge49 49.997584ms mode=spread
  q edge50 54.601ms mode=spread
  q edge51 57.902417ms mode=spread
  q edge52 54.368291ms mode=spread
  q edge53 52.1475ms mode=spread
  q edge54 69.273042ms mode=spread
  q edge55 54.432833ms mode=spread
  q edge56 55.959792ms mode=spread
  q edge57 41.661667ms mode=spread
  q edge58 47.917625ms mode=spread
  q edge59 42.866042ms mode=spread
  q edge60 61.572167ms mode=spread
  q edge61 56.90775ms mode=spread
  q edge62 55.952541ms mode=spread
  q edge63 62.557292ms mode=spread
  q edge64 60.37725ms mode=spread
  q edge65 53.079459ms mode=spread
  q edge67 45.141625ms mode=spread
  q edge68 58.020042ms mode=spread
  q edge69 59.208541ms mode=spread
  q edge70 59.831375ms mode=spread
  q edge71 56.054084ms mode=spread
  q edge72 58.000167ms mode=spread
  q edge73 56.155041ms mode=spread
  q edge74 65.382959ms mode=spread
  q edge75 60.143584ms mode=spread
  q edge76 62.525834ms mode=spread
  q edge77 55.745167ms mode=spread
  q edge78 57.361375ms mode=spread
  q edge79 54.015291ms mode=spread
  q edge80 66.143459ms mode=spread
  q edge81 62.124417ms mode=spread
  q edge82 58.20325ms mode=spread
  q edge83 59.249541ms mode=spread
  q edge84 54.239042ms mode=spread
  q edge85 51.680583ms mode=spread
  q edge86 59.94175ms mode=spread
  q edge87 52.948625ms mode=spread
  q edge88 52.5425ms mode=spread
  q edge89 55.900334ms mode=spread
  q edge90 47.413125ms mode=spread
  q edge91 58.034375ms mode=spread
  q edge92 57.135458ms mode=spread
  q edge93 55.271417ms mode=spread
  q edge94 44.028709ms mode=spread
  q edge95 46.991958ms mode=spread
  q edge96 58.924417ms mode=spread
  q edge97 52.78275ms mode=spread
  q edge98 60.826625ms mode=spread
  q edge99 58.909292ms mode=spread
  q edge100 46.183042ms mode=spread
  q edge101 59.014709ms mode=spread
  q edge102 59.53425ms mode=spread
  q edge103 57.088792ms mode=spread
  q edge104 56.400125ms mode=spread
  q edge105 79.053667ms mode=spread
  q edge106 58.338083ms mode=spread
  q edge107 54.66525ms mode=spread
  q edge109 45.984542ms mode=spread
  q edge110 60.2135ms mode=spread
  q edge111 70.164417ms mode=spread
  q edge112 54.365333ms mode=spread
  q edge113 55.57275ms mode=spread
  q edge114 52.70475ms mode=spread
  q edge115 50.852459ms mode=spread
  q edge116 60.757583ms mode=spread
  q edge117 48.767167ms mode=spread
  q edge118 47.174167ms mode=spread
  q edge119 48.164667ms mode=spread
  q edge120 34.154875ms mode=spread
  q edge121 21.048916ms mode=spread
  q edge122 58.740042ms mode=spread
  q edge123 37.077625ms mode=spread
  q edge124 53.06725ms mode=spread
  q edge125 31.902625ms mode=spread
  q edge126 54.757709ms mode=spread
  q edge127 44.341125ms mode=spread
  q edge128 52.71325ms mode=spread
  q edge129 56.238458ms mode=spread
  q edge130 58.800417ms mode=spread
  q edge131 58.894916ms mode=spread
  q edge132 37.119ms mode=spread
  q edge133 31.673333ms mode=spread
  q edge134 32.693459ms mode=spread
  q edge135 18.5105ms mode=spread
  q edge136 11.059583ms mode=spread
  q edge137 29.937333ms mode=spread
  q edge138 54.995209ms mode=spread
  q edge139 57.257292ms mode=spread
  q edge140 48.017167ms mode=spread
  q edge141 49.065792ms mode=spread
  q edge142 52.33375ms mode=spread
  q edge143 53.562458ms mode=spread
  q edge144 56.405583ms mode=spread
  q edge145 53.623458ms mode=spread
  q edge146 59.899375ms mode=spread
  q edge147 65.011167ms mode=spread
  q edge148 53.839875ms mode=spread
  q edge149 59.895375ms mode=spread
  q edge150 66.899625ms mode=spread
  q edge151 59.757583ms mode=spread
  q edge152 75.807917ms mode=spread
  q edge153 36.580042ms mode=spread
  q edge154 37.380792ms mode=spread
  q edge155 56.337208ms mode=spread
  q edge156 37.744ms mode=spread
  q edge157 52.962625ms mode=spread
  q edge158 43.03575ms mode=spread
  q edge159 49.59975ms mode=spread
  q edge160 52.518458ms mode=spread
  q edge161 50.975042ms mode=spread
  q edge162 49.631333ms mode=spread
  q edge163 43.170167ms mode=spread
  q edge164 57.49825ms mode=spread
  q edge165 53.142667ms mode=spread
  q edge166 42.741708ms mode=spread
  q edge167 49.044375ms mode=spread
  q edge168 54.70675ms mode=spread
  q edge169 27.404125ms mode=spread
  q edge170 53.7605ms mode=spread
  q edge171 35.379875ms mode=spread
  q edge172 51.00175ms mode=spread
  q edge173 34.7345ms mode=spread
  q edge174 48.02425ms mode=spread
  q edge175 5.816041ms mode=spread
  q edge176 54.188458ms mode=spread
  q edge177 55.074542ms mode=spread
  q edge178 32.495583ms mode=spread
  q edge179 15.16075ms mode=spread
  q edge180 53.057708ms mode=spread
  q edge181 55.264583ms mode=spread
  q edge182 52.207542ms mode=spread
  q edge183 44.050958ms mode=spread
  q edge184 49.524583ms mode=spread
  q edge185 47.334833ms mode=spread
  q edge186 50.168208ms mode=spread
  q edge187 44.779917ms mode=spread
  q edge188 45.022458ms mode=spread
  q edge189 21.303041ms mode=spread
  q edge190 58.638583ms mode=spread
  q edge191 53.777ms mode=spread
  q edge192 51.641583ms mode=spread
  q edge193 45.480167ms mode=spread
  q edge194 58.33075ms mode=spread
  q edge195 51.176875ms mode=spread
  q edge196 62.070083ms mode=spread
  q edge197 38.767125ms mode=spread
  q edge198 51.696ms mode=spread
  q edge199 40.400458ms mode=spread
  q edge200 30.693375ms mode=spread
  q edge201 30.822375ms mode=spread
  q edge202 39.687541ms mode=spread
  q edge203 15.569625ms mode=spread
  q edge204 53.793542ms mode=spread
  q edge205 47.567333ms mode=spread
  q edge206 34.507917ms mode=spread
  q edge207 43.17875ms mode=spread
  q edge208 41.253458ms mode=spread
  q edge209 29.892084ms mode=spread
  q edge210 56.031459ms mode=spread
  q edge211 37.526542ms mode=spread
  q edge212 54.710667ms mode=spread
  q edge213 48.576083ms mode=spread
  q edge214 53.928542ms mode=spread
  q edge215 41.177958ms mode=spread
  q edge216 48.240667ms mode=spread
  q edge217 47.922208ms mode=spread
  q edge218 39.696292ms mode=spread
  q edge219 56.311416ms mode=spread
  q edge220 48.114708ms mode=spread
  q edge221 28.512458ms mode=spread
  q edge222 48.230584ms mode=spread
  q edge223 47.490208ms mode=spread
  q edge225 43.125334ms mode=spread
  q edge226 54.205083ms mode=spread
